[    0.000000] Linux version 6.6.54-1-lts (linux-lts@archlinux) (gcc (GCC) 14.2.1 20240910, GNU ld (GNU Binutils) 2.43.0) #1 SMP PREEMPT_DYNAMIC Sat, 05 Oct 2024 17:53:31 +0000
[    0.000000] Command line: BOOT_IMAGE=/vmlinuz-linux-lts root=UUID=9726f5e4-c284-4b2f-b0db-e2dde5ca7484 rw loglevel=3 quiet nvidia-drm.modeset=1
[    0.000000] BIOS-provided physical RAM map:
[    0.000000] BIOS-e820: [mem 0x0000000000000000-0x0000000000057fff] usable
[    0.000000] BIOS-e820: [mem 0x0000000000058000-0x0000000000058fff] reserved
[    0.000000] BIOS-e820: [mem 0x0000000000059000-0x000000000009efff] usable
[    0.000000] BIOS-e820: [mem 0x000000000009f000-0x00000000000fffff] reserved
[    0.000000] BIOS-e820: [mem 0x0000000000100000-0x00000000b23c1fff] usable
[    0.000000] BIOS-e820: [mem 0x00000000b23c2000-0x00000000b23c2fff] ACPI NVS
[    0.000000] BIOS-e820: [mem 0x00000000b23c3000-0x00000000b23c3fff] reserved
[    0.000000] BIOS-e820: [mem 0x00000000b23c4000-0x00000000b9f30fff] usable
[    0.000000] BIOS-e820: [mem 0x00000000b9f31000-0x00000000ba2a5fff] reserved
[    0.000000] BIOS-e820: [mem 0x00000000ba2a6000-0x00000000ba2dafff] ACPI data
[    0.000000] BIOS-e820: [mem 0x00000000ba2db000-0x00000000bfab7fff] ACPI NVS
[    0.000000] BIOS-e820: [mem 0x00000000bfab8000-0x00000000bfffdfff] reserved
[    0.000000] BIOS-e820: [mem 0x00000000bfffe000-0x00000000bfffefff] usable
[    0.000000] BIOS-e820: [mem 0x00000000bffff000-0x00000000c8ffffff] reserved
[    0.000000] BIOS-e820: [mem 0x00000000f0000000-0x00000000f7ffffff] reserved
[    0.000000] BIOS-e820: [mem 0x00000000fe000000-0x00000000fe010fff] reserved
[    0.000000] BIOS-e820: [mem 0x00000000fec00000-0x00000000fec00fff] reserved
[    0.000000] BIOS-e820: [mem 0x00000000fed00000-0x00000000fed00fff] reserved
[    0.000000] BIOS-e820: [mem 0x00000000fee00000-0x00000000fee00fff] reserved
[    0.000000] BIOS-e820: [mem 0x00000000ff000000-0x00000000ffffffff] reserved
[    0.000000] BIOS-e820: [mem 0x0000000100000000-0x0000000834ffffff] usable
[    0.000000] The simpledrm driver will not be probed
[    0.000000] NX (Execute Disable) protection: active
[    0.000000] APIC: Static calls initialized
[    0.000000] e820: update [mem 0xa8e1a018-0xa8e3a857] usable ==> usable
[    0.000000] e820: update [mem 0xa8e1a018-0xa8e3a857] usable ==> usable
[    0.000000] e820: update [mem 0xa8e09018-0xa8e19457] usable ==> usable
[    0.000000] e820: update [mem 0xa8e09018-0xa8e19457] usable ==> usable
[    0.000000] extended physical RAM map:
[    0.000000] reserve setup_data: [mem 0x0000000000000000-0x0000000000057fff] usable
[    0.000000] reserve setup_data: [mem 0x0000000000058000-0x0000000000058fff] reserved
[    0.000000] reserve setup_data: [mem 0x0000000000059000-0x000000000009efff] usable
[    0.000000] reserve setup_data: [mem 0x000000000009f000-0x00000000000fffff] reserved
[    0.000000] reserve setup_data: [mem 0x0000000000100000-0x00000000a8e09017] usable
[    0.000000] reserve setup_data: [mem 0x00000000a8e09018-0x00000000a8e19457] usable
[    0.000000] reserve setup_data: [mem 0x00000000a8e19458-0x00000000a8e1a017] usable
[    0.000000] reserve setup_data: [mem 0x00000000a8e1a018-0x00000000a8e3a857] usable
[    0.000000] reserve setup_data: [mem 0x00000000a8e3a858-0x00000000b23c1fff] usable
[    0.000000] reserve setup_data: [mem 0x00000000b23c2000-0x00000000b23c2fff] ACPI NVS
[    0.000000] reserve setup_data: [mem 0x00000000b23c3000-0x00000000b23c3fff] reserved
[    0.000000] reserve setup_data: [mem 0x00000000b23c4000-0x00000000b9f30fff] usable
[    0.000000] reserve setup_data: [mem 0x00000000b9f31000-0x00000000ba2a5fff] reserved
[    0.000000] reserve setup_data: [mem 0x00000000ba2a6000-0x00000000ba2dafff] ACPI data
[    0.000000] reserve setup_data: [mem 0x00000000ba2db000-0x00000000bfab7fff] ACPI NVS
[    0.000000] reserve setup_data: [mem 0x00000000bfab8000-0x00000000bfffdfff] reserved
[    0.000000] reserve setup_data: [mem 0x00000000bfffe000-0x00000000bfffefff] usable
[    0.000000] reserve setup_data: [mem 0x00000000bffff000-0x00000000c8ffffff] reserved
[    0.000000] reserve setup_data: [mem 0x00000000f0000000-0x00000000f7ffffff] reserved
[    0.000000] reserve setup_data: [mem 0x00000000fe000000-0x00000000fe010fff] reserved
[    0.000000] reserve setup_data: [mem 0x00000000fec00000-0x00000000fec00fff] reserved
[    0.000000] reserve setup_data: [mem 0x00000000fed00000-0x00000000fed00fff] reserved
[    0.000000] reserve setup_data: [mem 0x00000000fee00000-0x00000000fee00fff] reserved
[    0.000000] reserve setup_data: [mem 0x00000000ff000000-0x00000000ffffffff] reserved
[    0.000000] reserve setup_data: [mem 0x0000000100000000-0x0000000834ffffff] usable
[    0.000000] efi: EFI v2.5 by American Megatrends
[    0.000000] efi: TPMFinalLog=0xbfa88000 ACPI 2.0=0xba2b0000 ACPI=0xba2b0000 SMBIOS=0xbfeba000 SMBIOS 3.0=0xbfeb9000 ESRT=0xb513cc58 INITRD=0xb24a3b98 TPMEventLog=0xba2ab018 
[    0.000000] efi: Remove mem38: MMIO range=[0xf0000000-0xf7ffffff] (128MB) from e820 map
[    0.000000] e820: remove [mem 0xf0000000-0xf7ffffff] reserved
[    0.000000] efi: Not removing mem39: MMIO range=[0xfe000000-0xfe010fff] (68KB) from e820 map
[    0.000000] efi: Not removing mem40: MMIO range=[0xfec00000-0xfec00fff] (4KB) from e820 map
[    0.000000] efi: Not removing mem41: MMIO range=[0xfed00000-0xfed00fff] (4KB) from e820 map
[    0.000000] efi: Not removing mem42: MMIO range=[0xfee00000-0xfee00fff] (4KB) from e820 map
[    0.000000] efi: Remove mem43: MMIO range=[0xff000000-0xffffffff] (16MB) from e820 map
[    0.000000] e820: remove [mem 0xff000000-0xffffffff] reserved
[    0.000000] SMBIOS 3.0.0 present.
[    0.000000] DMI: FUJITSU ESPRIMO P757/D3501-A1, BIOS V5.0.0.12 R1.32.0 for D3501-A1x                    04/27/2023
[    0.000000] tsc: Detected 3400.000 MHz processor
[    0.000000] tsc: Detected 3399.906 MHz TSC
[    0.000648] e820: update [mem 0x00000000-0x00000fff] usable ==> reserved
[    0.000651] e820: remove [mem 0x000a0000-0x000fffff] usable
[    0.000659] last_pfn = 0x835000 max_arch_pfn = 0x400000000
[    0.000662] MTRR map: 4 entries (3 fixed + 1 variable; max 23), built from 10 variable MTRRs
[    0.000664] x86/PAT: Configuration [0-7]: WB  WC  UC- UC  WB  WP  UC- WT  
[    0.001046] last_pfn = 0xbffff max_arch_pfn = 0x400000000
[    0.007201] found SMP MP-table at [mem 0x000fcca0-0x000fccaf]
[    0.007211] esrt: Reserving ESRT space from 0x00000000b513cc58 to 0x00000000b513cc90.
[    0.007216] e820: update [mem 0xb513c000-0xb513cfff] usable ==> reserved
[    0.007230] Using GB pages for direct mapping
[    0.007747] Secure boot disabled
[    0.007748] RAMDISK: [mem 0xa8e3b000-0xaf1ccfff]
[    0.007816] ACPI: Early table checksum verification disabled
[    0.007819] ACPI: RSDP 0x00000000BA2B0000 000024 (v02 FUJ   )
[    0.007822] ACPI: XSDT 0x00000000BA2B00B8 0000F4 (v01 FUJ    PC       13200000 AMI  00010013)
[    0.007827] ACPI: FACP 0x00000000BA2CDCF0 000114 (v06 FUJ    D3501-A1 13200000 AMI  00010013)
[    0.007832] ACPI: DSDT 0x00000000BA2B0240 01DAA9 (v02 FUJ    D3501-A1 13200000 INTL 20160422)
[    0.007835] ACPI: FACS 0x00000000BFA87C40 000040
[    0.007837] ACPI: APIC 0x00000000BA2CDE08 0000BC (v03 FUJ    D3501-A1 13200000 AMI  00010013)
[    0.007840] ACPI: FPDT 0x00000000BA2CDEC8 000044 (v01 FUJ    D3501-A1 13200000 AMI  00010013)
[    0.007842] ACPI: MCFG 0x00000000BA2CDF10 00003C (v01 FUJ    D3501-A1 13200000 MSFT 00000097)
[    0.007845] ACPI: SSDT 0x00000000BA2CDF50 0003FB (v01 SataRe SataTabl 00001000 INTL 20160422)
[    0.007847] ACPI: FIDT 0x00000000BA2CE350 00009C (v01 FUJ    D3501-A1 13200000 AMI  00010013)
[    0.007850] ACPI: MSDM 0x00000000BA2CE3F0 000055 (v03 FUJ    PC       13200000 AMI  00010013)
[    0.007853] ACPI: SLIC 0x00000000BA2CE448 000176 (v01 FUJ    PC       13200000 AMI  00010013)
[    0.007855] ACPI: SSDT 0x00000000BA2CE5C0 003156 (v02 SaSsdt SaSsdt   00003000 INTL 20160422)
[    0.007858] ACPI: SSDT 0x00000000BA2D1718 002611 (v02 PegSsd PegSsdt  00001000 INTL 20160422)
[    0.007860] ACPI: HPET 0x00000000BA2D3D30 000038 (v01 INTEL  SKL      00000001 MSFT 0000005F)
[    0.007863] ACPI: SSDT 0x00000000BA2D3D68 000C21 (v02 INTEL  xh_rvp08 00000000 INTL 20160422)
[    0.007866] ACPI: UEFI 0x00000000BA2D4990 000042 (v01 INTEL  EDK2     00000002      01000013)
[    0.007868] ACPI: SSDT 0x00000000BA2D49D8 0017AE (v02 CpuRef CpuSsdt  00003000 INTL 20160422)
[    0.007871] ACPI: LPIT 0x00000000BA2D6188 000094 (v01 INTEL  SKL      00000000 MSFT 0000005F)
[    0.007873] ACPI: WSMT 0x00000000BA2D6220 000028 (v01 INTEL  SKL      00000000 MSFT 0000005F)
[    0.007876] ACPI: SSDT 0x00000000BA2D6248 000141 (v02 INTEL  HdaDsp   00000000 INTL 20160422)
[    0.007878] ACPI: SSDT 0x00000000BA2D6390 00029F (v02 INTEL  sensrhub 00000000 INTL 20160422)
[    0.007881] ACPI: SSDT 0x00000000BA2D6630 003002 (v02 INTEL  PtidDevc 00001000 INTL 20160422)
[    0.007883] ACPI: SSDT 0x00000000BA2D9638 000517 (v02 INTEL  TbtTypeC 00000000 INTL 20160422)
[    0.007886] ACPI: DBGP 0x00000000BA2D9B50 000034 (v01 INTEL           00000002 MSFT 0000005F)
[    0.007888] ACPI: DBG2 0x00000000BA2D9B88 000054 (v00 INTEL           00000002 MSFT 0000005F)
[    0.007891] ACPI: BGRT 0x00000000BA2D9BE0 000038 (v01 FUJ    D3501-A1 13200000 AMI  00010013)
[    0.007894] ACPI: DMAR 0x00000000BA2D9C18 000090 (v01 INTEL  SKL      00000001 INTL 00000001)
[    0.007896] ACPI: TPM2 0x00000000BA2D9CA8 000034 (v03        Tpm2Tabl 00000001 AMI  00000000)
[    0.007899] ACPI: ASF! 0x00000000BA2D9CE0 0000A0 (v32 INTEL   HCG     00000001 TFSM 000F4240)
[    0.007901] ACPI: Reserving FACP table memory at [mem 0xba2cdcf0-0xba2cde03]
[    0.007902] ACPI: Reserving DSDT table memory at [mem 0xba2b0240-0xba2cdce8]
[    0.007903] ACPI: Reserving FACS table memory at [mem 0xbfa87c40-0xbfa87c7f]
[    0.007904] ACPI: Reserving APIC table memory at [mem 0xba2cde08-0xba2cdec3]
[    0.007904] ACPI: Reserving FPDT table memory at [mem 0xba2cdec8-0xba2cdf0b]
[    0.007905] ACPI: Reserving MCFG table memory at [mem 0xba2cdf10-0xba2cdf4b]
[    0.007905] ACPI: Reserving SSDT table memory at [mem 0xba2cdf50-0xba2ce34a]
[    0.007906] ACPI: Reserving FIDT table memory at [mem 0xba2ce350-0xba2ce3eb]
[    0.007907] ACPI: Reserving MSDM table memory at [mem 0xba2ce3f0-0xba2ce444]
[    0.007907] ACPI: Reserving SLIC table memory at [mem 0xba2ce448-0xba2ce5bd]
[    0.007908] ACPI: Reserving SSDT table memory at [mem 0xba2ce5c0-0xba2d1715]
[    0.007909] ACPI: Reserving SSDT table memory at [mem 0xba2d1718-0xba2d3d28]
[    0.007909] ACPI: Reserving HPET table memory at [mem 0xba2d3d30-0xba2d3d67]
[    0.007910] ACPI: Reserving SSDT table memory at [mem 0xba2d3d68-0xba2d4988]
[    0.007910] ACPI: Reserving UEFI table memory at [mem 0xba2d4990-0xba2d49d1]
[    0.007911] ACPI: Reserving SSDT table memory at [mem 0xba2d49d8-0xba2d6185]
[    0.007912] ACPI: Reserving LPIT table memory at [mem 0xba2d6188-0xba2d621b]
[    0.007912] ACPI: Reserving WSMT table memory at [mem 0xba2d6220-0xba2d6247]
[    0.007913] ACPI: Reserving SSDT table memory at [mem 0xba2d6248-0xba2d6388]
[    0.007914] ACPI: Reserving SSDT table memory at [mem 0xba2d6390-0xba2d662e]
[    0.007914] ACPI: Reserving SSDT table memory at [mem 0xba2d6630-0xba2d9631]
[    0.007915] ACPI: Reserving SSDT table memory at [mem 0xba2d9638-0xba2d9b4e]
[    0.007915] ACPI: Reserving DBGP table memory at [mem 0xba2d9b50-0xba2d9b83]
[    0.007916] ACPI: Reserving DBG2 table memory at [mem 0xba2d9b88-0xba2d9bdb]
[    0.007917] ACPI: Reserving BGRT table memory at [mem 0xba2d9be0-0xba2d9c17]
[    0.007917] ACPI: Reserving DMAR table memory at [mem 0xba2d9c18-0xba2d9ca7]
[    0.007918] ACPI: Reserving TPM2 table memory at [mem 0xba2d9ca8-0xba2d9cdb]
[    0.007919] ACPI: Reserving ASF! table memory at [mem 0xba2d9ce0-0xba2d9d7f]
[    0.008023] No NUMA configuration found
[    0.008024] Faking a node at [mem 0x0000000000000000-0x0000000834ffffff]
[    0.008026] NODE_DATA(0) allocated [mem 0x834ffb000-0x834ffffff]
[    0.008062] Zone ranges:
[    0.008062]   DMA      [mem 0x0000000000001000-0x0000000000ffffff]
[    0.008064]   DMA32    [mem 0x0000000001000000-0x00000000ffffffff]
[    0.008065]   Normal   [mem 0x0000000100000000-0x0000000834ffffff]
[    0.008066]   Device   empty
[    0.008067] Movable zone start for each node
[    0.008068] Early memory node ranges
[    0.008068]   node   0: [mem 0x0000000000001000-0x0000000000057fff]
[    0.008070]   node   0: [mem 0x0000000000059000-0x000000000009efff]
[    0.008070]   node   0: [mem 0x0000000000100000-0x00000000b23c1fff]
[    0.008071]   node   0: [mem 0x00000000b23c4000-0x00000000b9f30fff]
[    0.008072]   node   0: [mem 0x00000000bfffe000-0x00000000bfffefff]
[    0.008072]   node   0: [mem 0x0000000100000000-0x0000000834ffffff]
[    0.008076] Initmem setup node 0 [mem 0x0000000000001000-0x0000000834ffffff]
[    0.008078] On node 0, zone DMA: 1 pages in unavailable ranges
[    0.008080] On node 0, zone DMA: 1 pages in unavailable ranges
[    0.008097] On node 0, zone DMA: 97 pages in unavailable ranges
[    0.011911] On node 0, zone DMA32: 2 pages in unavailable ranges
[    0.012091] On node 0, zone DMA32: 24781 pages in unavailable ranges
[    0.050922] On node 0, zone Normal: 1 pages in unavailable ranges
[    0.051013] On node 0, zone Normal: 12288 pages in unavailable ranges
[    0.051265] ACPI: PM-Timer IO Port: 0x1808
[    0.051271] ACPI: LAPIC_NMI (acpi_id[0x01] high edge lint[0x1])
[    0.051273] ACPI: LAPIC_NMI (acpi_id[0x02] high edge lint[0x1])
[    0.051274] ACPI: LAPIC_NMI (acpi_id[0x03] high edge lint[0x1])
[    0.051274] ACPI: LAPIC_NMI (acpi_id[0x04] high edge lint[0x1])
[    0.051275] ACPI: LAPIC_NMI (acpi_id[0x05] high edge lint[0x1])
[    0.051275] ACPI: LAPIC_NMI (acpi_id[0x06] high edge lint[0x1])
[    0.051276] ACPI: LAPIC_NMI (acpi_id[0x07] high edge lint[0x1])
[    0.051276] ACPI: LAPIC_NMI (acpi_id[0x08] high edge lint[0x1])
[    0.051303] IOAPIC[0]: apic_id 2, version 32, address 0xfec00000, GSI 0-119
[    0.051305] ACPI: INT_SRC_OVR (bus 0 bus_irq 0 global_irq 2 dfl dfl)
[    0.051307] ACPI: INT_SRC_OVR (bus 0 bus_irq 9 global_irq 9 high level)
[    0.051310] ACPI: Using ACPI (MADT) for SMP configuration information
[    0.051311] ACPI: HPET id: 0x8086a201 base: 0xfed00000
[    0.051317] e820: update [mem 0xb5b3d000-0xb5b99fff] usable ==> reserved
[    0.051329] TSC deadline timer available
[    0.051329] smpboot: Allowing 8 CPUs, 0 hotplug CPUs
[    0.051344] PM: hibernation: Registered nosave memory: [mem 0x00000000-0x00000fff]
[    0.051345] PM: hibernation: Registered nosave memory: [mem 0x00058000-0x00058fff]
[    0.051347] PM: hibernation: Registered nosave memory: [mem 0x0009f000-0x000fffff]
[    0.051348] PM: hibernation: Registered nosave memory: [mem 0xa8e09000-0xa8e09fff]
[    0.051349] PM: hibernation: Registered nosave memory: [mem 0xa8e19000-0xa8e19fff]
[    0.051350] PM: hibernation: Registered nosave memory: [mem 0xa8e1a000-0xa8e1afff]
[    0.051351] PM: hibernation: Registered nosave memory: [mem 0xa8e3a000-0xa8e3afff]
[    0.051353] PM: hibernation: Registered nosave memory: [mem 0xb23c2000-0xb23c2fff]
[    0.051353] PM: hibernation: Registered nosave memory: [mem 0xb23c3000-0xb23c3fff]
[    0.051354] PM: hibernation: Registered nosave memory: [mem 0xb513c000-0xb513cfff]
[    0.051356] PM: hibernation: Registered nosave memory: [mem 0xb5b3d000-0xb5b99fff]
[    0.051357] PM: hibernation: Registered nosave memory: [mem 0xb9f31000-0xba2a5fff]
[    0.051358] PM: hibernation: Registered nosave memory: [mem 0xba2a6000-0xba2dafff]
[    0.051358] PM: hibernation: Registered nosave memory: [mem 0xba2db000-0xbfab7fff]
[    0.051359] PM: hibernation: Registered nosave memory: [mem 0xbfab8000-0xbfffdfff]
[    0.051360] PM: hibernation: Registered nosave memory: [mem 0xbffff000-0xc8ffffff]
[    0.051360] PM: hibernation: Registered nosave memory: [mem 0xc9000000-0xfdffffff]
[    0.051361] PM: hibernation: Registered nosave memory: [mem 0xfe000000-0xfe010fff]
[    0.051362] PM: hibernation: Registered nosave memory: [mem 0xfe011000-0xfebfffff]
[    0.051362] PM: hibernation: Registered nosave memory: [mem 0xfec00000-0xfec00fff]
[    0.051363] PM: hibernation: Registered nosave memory: [mem 0xfec01000-0xfecfffff]
[    0.051363] PM: hibernation: Registered nosave memory: [mem 0xfed00000-0xfed00fff]
[    0.051364] PM: hibernation: Registered nosave memory: [mem 0xfed01000-0xfedfffff]
[    0.051364] PM: hibernation: Registered nosave memory: [mem 0xfee00000-0xfee00fff]
[    0.051365] PM: hibernation: Registered nosave memory: [mem 0xfee01000-0xffffffff]
[    0.051366] [mem 0xc9000000-0xfdffffff] available for PCI devices
[    0.051367] Booting paravirtualized kernel on bare hardware
[    0.051368] clocksource: refined-jiffies: mask: 0xffffffff max_cycles: 0xffffffff, max_idle_ns: 6370452778343963 ns
[    0.056279] setup_percpu: NR_CPUS:320 nr_cpumask_bits:8 nr_cpu_ids:8 nr_node_ids:1
[    0.056578] percpu: Embedded 64 pages/cpu s225280 r8192 d28672 u262144
[    0.056584] pcpu-alloc: s225280 r8192 d28672 u262144 alloc=1*2097152
[    0.056586] pcpu-alloc: [0] 0 1 2 3 4 5 6 7 
[    0.056601] Kernel command line: BOOT_IMAGE=/vmlinuz-linux-lts root=UUID=9726f5e4-c284-4b2f-b0db-e2dde5ca7484 rw loglevel=3 quiet nvidia-drm.modeset=1
[    0.056665] Unknown kernel command line parameters "BOOT_IMAGE=/vmlinuz-linux-lts", will be passed to user space.
[    0.056692] random: crng init done
[    0.059311] Dentry cache hash table entries: 4194304 (order: 13, 33554432 bytes, linear)
[    0.060641] Inode-cache hash table entries: 2097152 (order: 12, 16777216 bytes, linear)
[    0.060731] Fallback order for Node 0: 0 
[    0.060734] Built 1 zonelists, mobility grouping on.  Total pages: 8188531
[    0.060735] Policy zone: Normal
[    0.060927] mem auto-init: stack:all(zero), heap alloc:on, heap free:off
[    0.060932] software IO TLB: area num 8.
[    0.131608] Memory: 32335020K/33274676K available (16384K kernel code, 2138K rwdata, 13032K rodata, 3432K init, 3708K bss, 939400K reserved, 0K cma-reserved)
[    0.132033] SLUB: HWalign=64, Order=0-3, MinObjects=0, CPUs=8, Nodes=1
[    0.132044] Kernel/User page tables isolation: enabled
[    0.132069] ftrace: allocating 48956 entries in 192 pages
[    0.139003] ftrace: allocated 192 pages with 2 groups
[    0.139544] Dynamic Preempt: voluntary
[    0.139582] rcu: Preemptible hierarchical RCU implementation.
[    0.139583] rcu: 	RCU restricting CPUs from NR_CPUS=320 to nr_cpu_ids=8.
[    0.139583] rcu: 	RCU priority boosting: priority 1 delay 500 ms.
[    0.139584] 	Trampoline variant of Tasks RCU enabled.
[    0.139585] 	Rude variant of Tasks RCU enabled.
[    0.139585] 	Tracing variant of Tasks RCU enabled.
[    0.139586] rcu: RCU calculated value of scheduler-enlistment delay is 30 jiffies.
[    0.139586] rcu: Adjusting geometry for rcu_fanout_leaf=16, nr_cpu_ids=8
[    0.141818] NR_IRQS: 20736, nr_irqs: 2048, preallocated irqs: 16
[    0.142027] rcu: srcu_init: Setting srcu_struct sizes based on contention.
[    0.142259] kfence: initialized - using 2097152 bytes for 255 objects at 0x(____ptrval____)-0x(____ptrval____)
[    0.142285] Console: colour dummy device 80x25
[    0.142287] printk: console [tty0] enabled
[    0.142327] ACPI: Core revision 20230628
[    0.142523] clocksource: hpet: mask: 0xffffffff max_cycles: 0xffffffff, max_idle_ns: 79635855245 ns
[    0.142591] APIC: Switch to symmetric I/O mode setup
[    0.142593] DMAR: Host address width 39
[    0.142593] DMAR: DRHD base: 0x000000fed90000 flags: 0x1
[    0.142598] DMAR: dmar0: reg_base_addr fed90000 ver 1:0 cap d2008c40660462 ecap f050da
[    0.142600] DMAR: RMRR base: 0x000000ba20d000 end: 0x000000ba22cfff
[    0.142602] DMAR: RMRR base: 0x000000bfc48000 end: 0x000000bfe91fff
[    0.142604] DMAR-IR: IOAPIC id 2 under DRHD base  0xfed90000 IOMMU 0
[    0.142605] DMAR-IR: HPET id 0 under DRHD base 0xfed90000
[    0.142606] DMAR-IR: Queued invalidation will be enabled to support x2apic and Intr-remapping.
[    0.143979] DMAR-IR: Enabled IRQ remapping in x2apic mode
[    0.143981] x2apic enabled
[    0.144035] APIC: Switched APIC routing to: cluster x2apic
[    0.148041] ..TIMER: vector=0x30 apic1=0 pin1=2 apic2=-1 pin2=-1
[    0.162611] clocksource: tsc-early: mask: 0xffffffffffffffff max_cycles: 0x3101f59f5e6, max_idle_ns: 440795259996 ns
[    0.162616] Calibrating delay loop (skipped), value calculated using timer frequency.. 6802.13 BogoMIPS (lpj=11333020)
[    0.162644] CPU0: Thermal monitoring enabled (TM1)
[    0.162681] process: using mwait in idle threads
[    0.162683] Last level iTLB entries: 4KB 64, 2MB 8, 4MB 8
[    0.162684] Last level dTLB entries: 4KB 64, 2MB 0, 4MB 0, 1GB 4
[    0.162689] Spectre V1 : Mitigation: usercopy/swapgs barriers and __user pointer sanitization
[    0.162691] Spectre V2 : Mitigation: IBRS
[    0.162692] Spectre V2 : Spectre v2 / SpectreRSB mitigation: Filling RSB on context switch
[    0.162693] Spectre V2 : Spectre v2 / SpectreRSB : Filling RSB on VMEXIT
[    0.162693] RETBleed: Mitigation: IBRS
[    0.162695] Spectre V2 : mitigation: Enabling conditional Indirect Branch Prediction Barrier
[    0.162696] Spectre V2 : User space: Mitigation: STIBP via prctl
[    0.162697] Speculative Store Bypass: Mitigation: Speculative Store Bypass disabled via prctl
[    0.162702] MDS: Mitigation: Clear CPU buffers
[    0.162703] TAA: Mitigation: TSX disabled
[    0.162703] MMIO Stale Data: Mitigation: Clear CPU buffers
[    0.162707] SRBDS: Mitigation: Microcode
[    0.162707] GDS: Vulnerable: No microcode
[    0.162712] x86/fpu: Supporting XSAVE feature 0x001: 'x87 floating point registers'
[    0.162713] x86/fpu: Supporting XSAVE feature 0x002: 'SSE registers'
[    0.162714] x86/fpu: Supporting XSAVE feature 0x004: 'AVX registers'
[    0.162715] x86/fpu: Supporting XSAVE feature 0x008: 'MPX bounds registers'
[    0.162716] x86/fpu: Supporting XSAVE feature 0x010: 'MPX CSR'
[    0.162718] x86/fpu: xstate_offset[2]:  576, xstate_sizes[2]:  256
[    0.162719] x86/fpu: xstate_offset[3]:  832, xstate_sizes[3]:   64
[    0.162721] x86/fpu: xstate_offset[4]:  896, xstate_sizes[4]:   64
[    0.162722] x86/fpu: Enabled xstate features 0x1f, context size is 960 bytes, using 'compacted' format.
[    0.187687] Freeing SMP alternatives memory: 40K
[    0.187690] pid_max: default: 32768 minimum: 301
[    0.191368] LSM: initializing lsm=capability,landlock,lockdown,yama,bpf,integrity
[    0.191391] landlock: Up and running.
[    0.191392] Yama: becoming mindful.
[    0.191396] LSM support for eBPF active
[    0.191439] Mount-cache hash table entries: 65536 (order: 7, 524288 bytes, linear)
[    0.191466] Mountpoint-cache hash table entries: 65536 (order: 7, 524288 bytes, linear)
[    0.192000] smpboot: CPU0: Intel(R) Core(TM) i7-6700 CPU @ 3.40GHz (family: 0x6, model: 0x5e, stepping: 0x3)
[    0.192126] RCU Tasks: Setting shift to 3 and lim to 1 rcu_task_cb_adjust=1.
[    0.192137] RCU Tasks Rude: Setting shift to 3 and lim to 1 rcu_task_cb_adjust=1.
[    0.192152] RCU Tasks Trace: Setting shift to 3 and lim to 1 rcu_task_cb_adjust=1.
[    0.192164] Performance Events: PEBS fmt3+, Skylake events, 32-deep LBR, full-width counters, Intel PMU driver.
[    0.192184] ... version:                4
[    0.192185] ... bit width:              48
[    0.192186] ... generic registers:      4
[    0.192186] ... value mask:             0000ffffffffffff
[    0.192187] ... max period:             00007fffffffffff
[    0.192188] ... fixed-purpose events:   3
[    0.192189] ... event mask:             000000070000000f
[    0.192285] signal: max sigframe size: 2032
[    0.192298] Estimated ratio of average max frequency by base frequency (times 1024): 1114
[    0.192318] rcu: Hierarchical SRCU implementation.
[    0.192319] rcu: 	Max phase no-delay instances is 1000.
[    0.192614] NMI watchdog: Enabled. Permanently consumes one hw-PMU counter.
[    0.192614] smp: Bringing up secondary CPUs ...
[    0.192614] smpboot: x86: Booting SMP configuration:
[    0.192614] .... node  #0, CPUs:      #1 #2 #3 #4 #5 #6 #7
[    0.194017] MDS CPU bug present and SMT on, data leak possible. See https://www.kernel.org/doc/html/latest/admin-guide/hw-vuln/mds.html for more details.
[    0.194017] MMIO Stale Data CPU bug present and SMT on, data leak possible. See https://www.kernel.org/doc/html/latest/admin-guide/hw-vuln/processor_mmio_stale_data.html for more details.
[    0.194017] smp: Brought up 1 node, 8 CPUs
[    0.194017] smpboot: Max logical packages: 1
[    0.194017] smpboot: Total of 8 processors activated (54420.10 BogoMIPS)
[    0.196756] devtmpfs: initialized
[    0.196756] x86/mm: Memory block size: 128MB
[    0.198075] ACPI: PM: Registering ACPI NVS region [mem 0xb23c2000-0xb23c2fff] (4096 bytes)
[    0.198075] ACPI: PM: Registering ACPI NVS region [mem 0xba2db000-0xbfab7fff] (92131328 bytes)
[    0.200218] clocksource: jiffies: mask: 0xffffffff max_cycles: 0xffffffff, max_idle_ns: 6370867519511994 ns
[    0.200228] futex hash table entries: 2048 (order: 5, 131072 bytes, linear)
[    0.200274] pinctrl core: initialized pinctrl subsystem
[    0.200438] PM: RTC time: 04:35:20, date: 2024-10-09
[    0.200834] NET: Registered PF_NETLINK/PF_ROUTE protocol family
[    0.201173] DMA: preallocated 4096 KiB GFP_KERNEL pool for atomic allocations
[    0.201370] DMA: preallocated 4096 KiB GFP_KERNEL|GFP_DMA pool for atomic allocations
[    0.201575] DMA: preallocated 4096 KiB GFP_KERNEL|GFP_DMA32 pool for atomic allocations
[    0.201594] audit: initializing netlink subsys (disabled)
[    0.201600] audit: type=2000 audit(1728448520.056:1): state=initialized audit_enabled=0 res=1
[    0.201600] thermal_sys: Registered thermal governor 'fair_share'
[    0.201600] thermal_sys: Registered thermal governor 'bang_bang'
[    0.201600] thermal_sys: Registered thermal governor 'step_wise'
[    0.201600] thermal_sys: Registered thermal governor 'user_space'
[    0.201600] thermal_sys: Registered thermal governor 'power_allocator'
[    0.201664] cpuidle: using governor ladder
[    0.201664] cpuidle: using governor menu
[    0.201664] acpiphp: ACPI Hot Plug PCI Controller Driver version: 0.5
[    0.201664] PCI: MMCONFIG for domain 0000 [bus 00-7f] at [mem 0xf0000000-0xf7ffffff] (base 0xf0000000)
[    0.201664] PCI: Using configuration type 1 for base access
[    0.201664] ENERGY_PERF_BIAS: Set to 'normal', was 'performance'
[    0.201664] kprobes: kprobe jump-optimization is enabled. All kprobes are optimized if possible.
[    0.205977] HugeTLB: registered 1.00 GiB page size, pre-allocated 0 pages
[    0.205977] HugeTLB: 16380 KiB vmemmap can be freed for a 1.00 GiB page
[    0.205977] HugeTLB: registered 2.00 MiB page size, pre-allocated 0 pages
[    0.205977] HugeTLB: 28 KiB vmemmap can be freed for a 2.00 MiB page
[    0.206645] ACPI: Added _OSI(Module Device)
[    0.206645] ACPI: Added _OSI(Processor Device)
[    0.206645] ACPI: Added _OSI(3.0 _SCP Extensions)
[    0.206645] ACPI: Added _OSI(Processor Aggregator Device)
[    0.238633] ACPI: 10 ACPI AML tables successfully acquired and loaded
[    0.246748] ACPI: Dynamic OEM Table Load:
[    0.246754] ACPI: SSDT 0xFFFF888100D7A000 0003FF (v02 PmRef  Cpu0Cst  00003001 INTL 20160422)
[    0.247880] ACPI: Dynamic OEM Table Load:
[    0.247880] ACPI: SSDT 0xFFFF888100D6D800 000717 (v02 PmRef  Cpu0Ist  00003000 INTL 20160422)
[    0.248132] ACPI: Dynamic OEM Table Load:
[    0.248138] ACPI: SSDT 0xFFFF888100D71000 000D14 (v02 PmRef  ApIst    00003000 INTL 20160422)
[    0.250139] ACPI: Dynamic OEM Table Load:
[    0.250144] ACPI: SSDT 0xFFFF888100D7F000 000317 (v02 PmRef  ApHwp    00003000 INTL 20160422)
[    0.251331] ACPI: Dynamic OEM Table Load:
[    0.251335] ACPI: SSDT 0xFFFF888100D7D000 00030A (v02 PmRef  ApCst    00003000 INTL 20160422)
[    0.259933] ACPI: _OSC evaluated successfully for all CPUs
[    0.260585] ACPI: Interpreter enabled
[    0.260619] ACPI: PM: (supports S0 S3 S4 S5)
[    0.260620] ACPI: Using IOAPIC for interrupt routing
[    0.262022] PCI: Using host bridge windows from ACPI; if necessary, use "pci=nocrs" and report a bug
[    0.262024] PCI: Ignoring E820 reservations for host bridge windows
[    0.262614] ACPI: Enabled 5 GPEs in block 00 to 7F
[    0.262614] ACPI: \_SB_.PCI0.PEG0.PG00: New power resource
[    0.262614] ACPI: \_SB_.PCI0.PEG1.PG01: New power resource
[    0.266308] ACPI: \_SB_.PCI0.PEG2.PG02: New power resource
[    0.287577] ACPI: PCI Root Bridge [PCI0] (domain 0000 [bus 00-7e])
[    0.287584] acpi PNP0A08:00: _OSC: OS supports [ExtendedConfig ASPM ClockPM Segments MSI EDR HPX-Type3]
[    0.288836] acpi PNP0A08:00: _OSC: platform does not support [AER]
[    0.290536] acpi PNP0A08:00: _OSC: OS now controls [PCIeHotplug SHPCHotplug PME PCIeCapability LTR DPC]
[    0.291624] PCI host bridge to bus 0000:00
[    0.291626] pci_bus 0000:00: root bus resource [io  0x0000-0x0cf7 window]
[    0.291628] pci_bus 0000:00: root bus resource [io  0x0d00-0xffff window]
[    0.291629] pci_bus 0000:00: root bus resource [mem 0x000a0000-0x000bffff window]
[    0.291631] pci_bus 0000:00: root bus resource [mem 0xc9000000-0xefffffff window]
[    0.291632] pci_bus 0000:00: root bus resource [mem 0xfd000000-0xfe7fffff window]
[    0.291633] pci_bus 0000:00: root bus resource [bus 00-7e]
[    0.291652] pci 0000:00:00.0: [8086:191f] type 00 class 0x060000
[    0.291734] pci 0000:00:01.0: [8086:1901] type 01 class 0x060400
[    0.291787] pci 0000:00:01.0: PME# supported from D0 D3hot D3cold
[    0.292286] pci 0000:00:14.0: [8086:a2af] type 00 class 0x0c0330
[    0.292320] pci 0000:00:14.0: reg 0x10: [mem 0xef330000-0xef33ffff 64bit]
[    0.292438] pci 0000:00:14.0: PME# supported from D3hot D3cold
[    0.293181] pci 0000:00:14.2: [8086:a2b1] type 00 class 0x118000
[    0.293216] pci 0000:00:14.2: reg 0x10: [mem 0xef34f000-0xef34ffff 64bit]
[    0.293407] pci 0000:00:16.0: [8086:a2ba] type 00 class 0x078000
[    0.293436] pci 0000:00:16.0: reg 0x10: [mem 0xef34e000-0xef34efff 64bit]
[    0.293529] pci 0000:00:16.0: PME# supported from D3hot
[    0.293911] pci 0000:00:16.3: [8086:a2bd] type 00 class 0x070002
[    0.293933] pci 0000:00:16.3: reg 0x10: [io  0xf060-0xf067]
[    0.293943] pci 0000:00:16.3: reg 0x14: [mem 0xef34d000-0xef34dfff]
[    0.294107] pci 0000:00:17.0: [8086:a282] type 00 class 0x010601
[    0.294133] pci 0000:00:17.0: reg 0x10: [mem 0xef348000-0xef349fff]
[    0.294148] pci 0000:00:17.0: reg 0x14: [mem 0xef34c000-0xef34c0ff]
[    0.294164] pci 0000:00:17.0: reg 0x18: [io  0xf050-0xf057]
[    0.294179] pci 0000:00:17.0: reg 0x1c: [io  0xf040-0xf043]
[    0.294194] pci 0000:00:17.0: reg 0x20: [io  0xf020-0xf03f]
[    0.294209] pci 0000:00:17.0: reg 0x24: [mem 0xef34b000-0xef34b7ff]
[    0.294275] pci 0000:00:17.0: PME# supported from D3hot
[    0.294592] pci 0000:00:1c.0: [8086:a296] type 01 class 0x060400
[    0.294743] pci 0000:00:1c.0: PME# supported from D0 D3hot D3cold
[    0.295424] pci 0000:00:1d.0: [8086:a298] type 01 class 0x060400
[    0.295572] pci 0000:00:1d.0: PME# supported from D0 D3hot D3cold
[    0.296236] pci 0000:00:1f.0: [8086:a2c7] type 00 class 0x060100
[    0.296631] pci 0000:00:1f.2: [8086:a2a1] type 00 class 0x058000
[    0.296657] pci 0000:00:1f.2: reg 0x10: [mem 0xef344000-0xef347fff]
[    0.297000] pci 0000:00:1f.3: [8086:a2f0] type 00 class 0x040300
[    0.297034] pci 0000:00:1f.3: reg 0x10: [mem 0xef340000-0xef343fff 64bit]
[    0.297085] pci 0000:00:1f.3: reg 0x20: [mem 0xef320000-0xef32ffff 64bit]
[    0.297145] pci 0000:00:1f.3: PME# supported from D3hot D3cold
[    0.297887] pci 0000:00:1f.4: [8086:a2a3] type 00 class 0x0c0500
[    0.297951] pci 0000:00:1f.4: reg 0x10: [mem 0xef34a000-0xef34a0ff 64bit]
[    0.298031] pci 0000:00:1f.4: reg 0x20: [io  0xf000-0xf01f]
[    0.298365] pci 0000:00:1f.6: [8086:15b8] type 00 class 0x020000
[    0.298391] pci 0000:00:1f.6: reg 0x10: [mem 0xef300000-0xef31ffff]
[    0.298527] pci 0000:00:1f.6: PME# supported from D0 D3hot D3cold
[    0.298816] pci 0000:01:00.0: [10de:13bb] type 00 class 0x030000
[    0.298839] pci 0000:01:00.0: reg 0x10: [mem 0xee000000-0xeeffffff]
[    0.298860] pci 0000:01:00.0: reg 0x14: [mem 0xd0000000-0xdfffffff 64bit pref]
[    0.298880] pci 0000:01:00.0: reg 0x1c: [mem 0xe0000000-0xe1ffffff 64bit pref]
[    0.298894] pci 0000:01:00.0: reg 0x24: [io  0xe000-0xe07f]
[    0.298908] pci 0000:01:00.0: reg 0x30: [mem 0xef000000-0xef07ffff pref]
[    0.298929] pci 0000:01:00.0: BAR 3: assigned to efifb
[    0.298935] pci 0000:01:00.0: Video device with shadowed ROM at [mem 0x000c0000-0x000dffff]
[    0.299013] pci 0000:01:00.0: 32.000 Gb/s available PCIe bandwidth, limited by 2.5 GT/s PCIe x16 link at 0000:00:01.0 (capable of 126.016 Gb/s with 8.0 GT/s PCIe x16 link)
[    0.299102] pci 0000:01:00.1: [10de:0fbc] type 00 class 0x040300
[    0.299125] pci 0000:01:00.1: reg 0x10: [mem 0xef080000-0xef083fff]
[    0.299291] pci 0000:00:01.0: ASPM: current common clock configuration is inconsistent, reconfiguring
[    0.309321] pci 0000:00:01.0: PCI bridge to [bus 01]
[    0.309323] pci 0000:00:01.0:   bridge window [io  0xe000-0xefff]
[    0.309325] pci 0000:00:01.0:   bridge window [mem 0xee000000-0xef0fffff]
[    0.309328] pci 0000:00:01.0:   bridge window [mem 0xd0000000-0xe1ffffff 64bit pref]
[    0.309423] pci 0000:02:00.0: [10ec:b822] type 00 class 0x028000
[    0.309448] pci 0000:02:00.0: reg 0x10: [io  0xd000-0xd0ff]
[    0.309479] pci 0000:02:00.0: reg 0x18: [mem 0xef200000-0xef20ffff 64bit]
[    0.309623] pci 0000:02:00.0: supports D1 D2
[    0.309624] pci 0000:02:00.0: PME# supported from D0 D1 D2 D3hot D3cold
[    0.309858] pci 0000:00:1c.0: PCI bridge to [bus 02]
[    0.309863] pci 0000:00:1c.0:   bridge window [io  0xd000-0xdfff]
[    0.309867] pci 0000:00:1c.0:   bridge window [mem 0xef200000-0xef2fffff]
[    0.309958] pci 0000:03:00.0: [1344:5416] type 00 class 0x010802
[    0.309993] pci 0000:03:00.0: reg 0x10: [mem 0xef100000-0xef103fff 64bit]
[    0.310442] pci 0000:00:1d.0: PCI bridge to [bus 03]
[    0.310449] pci 0000:00:1d.0:   bridge window [mem 0xef100000-0xef1fffff]
[    0.312240] ACPI: PCI: Interrupt link LNKA configured for IRQ 11
[    0.312305] ACPI: PCI: Interrupt link LNKB configured for IRQ 10
[    0.312369] ACPI: PCI: Interrupt link LNKC configured for IRQ 11
[    0.312433] ACPI: PCI: Interrupt link LNKD configured for IRQ 11
[    0.312497] ACPI: PCI: Interrupt link LNKE configured for IRQ 11
[    0.312563] ACPI: PCI: Interrupt link LNKF configured for IRQ 11
[    0.312625] ACPI: PCI: Interrupt link LNKG configured for IRQ 11
[    0.312690] ACPI: PCI: Interrupt link LNKH configured for IRQ 11
[    0.313188] iommu: Default domain type: Translated
[    0.313188] iommu: DMA domain TLB invalidation policy: lazy mode
[    0.313188] SCSI subsystem initialized
[    0.313188] libata version 3.00 loaded.
[    0.313188] ACPI: bus type USB registered
[    0.313188] usbcore: registered new interface driver usbfs
[    0.313188] usbcore: registered new interface driver hub
[    0.313188] usbcore: registered new device driver usb
[    0.313188] pps_core: LinuxPPS API ver. 1 registered
[    0.313188] pps_core: Software ver. 5.3.6 - Copyright 2005-2007 Rodolfo Giometti <giometti@linux.it>
[    0.313188] PTP clock support registered
[    0.313188] EDAC MC: Ver: 3.0.0
[    0.313188] efivars: Registered efivars operations
[    0.313188] NetLabel: Initializing
[    0.313188] NetLabel:  domain hash size = 128
[    0.313188] NetLabel:  protocols = UNLABELED CIPSOv4 CALIPSO
[    0.313188] NetLabel:  unlabeled traffic allowed by default
[    0.313188] mctp: management component transport protocol core
[    0.313188] NET: Registered PF_MCTP protocol family
[    0.313188] PCI: Using ACPI for IRQ routing
[    0.327939] PCI: pci_cache_line_size set to 64 bytes
[    0.327996] e820: reserve RAM buffer [mem 0x00058000-0x0005ffff]
[    0.327998] e820: reserve RAM buffer [mem 0x0009f000-0x0009ffff]
[    0.327999] e820: reserve RAM buffer [mem 0xa8e09018-0xabffffff]
[    0.328000] e820: reserve RAM buffer [mem 0xa8e1a018-0xabffffff]
[    0.328001] e820: reserve RAM buffer [mem 0xb23c2000-0xb3ffffff]
[    0.328002] e820: reserve RAM buffer [mem 0xb513c000-0xb7ffffff]
[    0.328003] e820: reserve RAM buffer [mem 0xb5b3d000-0xb7ffffff]
[    0.328004] e820: reserve RAM buffer [mem 0xb9f31000-0xbbffffff]
[    0.328005] e820: reserve RAM buffer [mem 0xbffff000-0xbfffffff]
[    0.328005] e820: reserve RAM buffer [mem 0x835000000-0x837ffffff]
[    0.328046] pci 0000:01:00.0: vgaarb: setting as boot VGA device
[    0.328046] pci 0000:01:00.0: vgaarb: bridge control possible
[    0.328046] pci 0000:01:00.0: vgaarb: VGA device added: decodes=io+mem,owns=io+mem,locks=none
[    0.328046] vgaarb: loaded
[    0.328046] hpet0: at MMIO 0xfed00000, IRQs 2, 8, 0, 0, 0, 0, 0, 0
[    0.328046] hpet0: 8 comparators, 64-bit 24.000000 MHz counter
[    0.331349] clocksource: Switched to clocksource tsc-early
[    0.331943] VFS: Disk quotas dquot_6.6.0
[    0.331953] VFS: Dquot-cache hash table entries: 512 (order 0, 4096 bytes)
[    0.332011] pnp: PnP ACPI init
[    0.332317] system 00:00: [io  0x0a00-0x0a0f] has been reserved
[    0.332320] system 00:00: [io  0x0a10-0x0a1f] has been reserved
[    0.332322] system 00:00: [io  0x0a20-0x0a2f] has been reserved
[    0.332323] system 00:00: [io  0x0a30-0x0a3f] has been reserved
[    0.332614] system 00:01: [io  0x0680-0x069f] has been reserved
[    0.332614] system 00:01: [io  0xffff] has been reserved
[    0.332614] system 00:01: [io  0xffff] has been reserved
[    0.332614] system 00:01: [io  0xffff] has been reserved
[    0.332614] system 00:01: [io  0x1800-0x18fe] has been reserved
[    0.332614] system 00:01: [io  0x164e-0x164f] has been reserved
[    0.332614] system 00:02: [io  0x0800-0x087f] has been reserved
[    0.332614] system 00:04: [io  0x1854-0x1857] has been reserved
[    0.332614] system 00:05: [mem 0xfed10000-0xfed17fff] has been reserved
[    0.332614] system 00:05: [mem 0xfed18000-0xfed18fff] has been reserved
[    0.332614] system 00:05: [mem 0xfed19000-0xfed19fff] has been reserved
[    0.332614] system 00:05: [mem 0xf0000000-0xf7ffffff] has been reserved
[    0.332614] system 00:05: [mem 0xfed20000-0xfed3ffff] has been reserved
[    0.332614] system 00:05: [mem 0xfed90000-0xfed93fff] could not be reserved
[    0.332614] system 00:05: [mem 0xfed45000-0xfed8ffff] has been reserved
[    0.332614] system 00:05: [mem 0xff000000-0xffffffff] has been reserved
[    0.332614] system 00:05: [mem 0xfee00000-0xfeefffff] could not be reserved
[    0.332614] system 00:05: [mem 0xeffe0000-0xefffffff] has been reserved
[    0.332614] system 00:06: [mem 0xfd000000-0xfdabffff] has been reserved
[    0.332614] system 00:06: [mem 0xfdad0000-0xfdadffff] has been reserved
[    0.332614] system 00:06: [mem 0xfdb00000-0xfdffffff] has been reserved
[    0.332614] system 00:06: [mem 0xfe000000-0xfe01ffff] could not be reserved
[    0.332614] system 00:06: [mem 0xfe036000-0xfe03bfff] has been reserved
[    0.332614] system 00:06: [mem 0xfe03d000-0xfe3fffff] has been reserved
[    0.332614] system 00:06: [mem 0xfe410000-0xfe7fffff] has been reserved
[    0.332614] system 00:07: [io  0xff00-0xfffe] has been reserved
[    0.333043] system 00:08: [mem 0xfdaf0000-0xfdafffff] has been reserved
[    0.333045] system 00:08: [mem 0xfdae0000-0xfdaeffff] has been reserved
[    0.333047] system 00:08: [mem 0xfdac0000-0xfdacffff] has been reserved
[    0.333655] system 00:09: [io  0x0200] has been reserved
[    0.333770] pnp: PnP ACPI: found 10 devices
[    0.339244] clocksource: acpi_pm: mask: 0xffffff max_cycles: 0xffffff, max_idle_ns: 2085701024 ns
[    0.339295] NET: Registered PF_INET protocol family
[    0.339408] IP idents hash table entries: 262144 (order: 9, 2097152 bytes, linear)
[    0.341761] tcp_listen_portaddr_hash hash table entries: 16384 (order: 6, 262144 bytes, linear)
[    0.341789] Table-perturb hash table entries: 65536 (order: 6, 262144 bytes, linear)
[    0.341887] TCP established hash table entries: 262144 (order: 9, 2097152 bytes, linear)
[    0.342143] TCP bind hash table entries: 65536 (order: 9, 2097152 bytes, linear)
[    0.342355] TCP: Hash tables configured (established 262144 bind 65536)
[    0.342449] MPTCP token hash table entries: 32768 (order: 7, 786432 bytes, linear)
[    0.342518] UDP hash table entries: 16384 (order: 7, 524288 bytes, linear)
[    0.342581] UDP-Lite hash table entries: 16384 (order: 7, 524288 bytes, linear)
[    0.342645] NET: Registered PF_UNIX/PF_LOCAL protocol family
[    0.342652] NET: Registered PF_XDP protocol family
[    0.342662] pci 0000:00:01.0: PCI bridge to [bus 01]
[    0.342665] pci 0000:00:01.0:   bridge window [io  0xe000-0xefff]
[    0.342672] pci 0000:00:01.0:   bridge window [mem 0xee000000-0xef0fffff]
[    0.342676] pci 0000:00:01.0:   bridge window [mem 0xd0000000-0xe1ffffff 64bit pref]
[    0.342683] pci 0000:00:1c.0: PCI bridge to [bus 02]
[    0.342686] pci 0000:00:1c.0:   bridge window [io  0xd000-0xdfff]
[    0.342694] pci 0000:00:1c.0:   bridge window [mem 0xef200000-0xef2fffff]
[    0.342711] pci 0000:00:1d.0: PCI bridge to [bus 03]
[    0.342719] pci 0000:00:1d.0:   bridge window [mem 0xef100000-0xef1fffff]
[    0.342735] pci_bus 0000:00: resource 4 [io  0x0000-0x0cf7 window]
[    0.342737] pci_bus 0000:00: resource 5 [io  0x0d00-0xffff window]
[    0.342738] pci_bus 0000:00: resource 6 [mem 0x000a0000-0x000bffff window]
[    0.342740] pci_bus 0000:00: resource 7 [mem 0xc9000000-0xefffffff window]
[    0.342741] pci_bus 0000:00: resource 8 [mem 0xfd000000-0xfe7fffff window]
[    0.342742] pci_bus 0000:01: resource 0 [io  0xe000-0xefff]
[    0.342743] pci_bus 0000:01: resource 1 [mem 0xee000000-0xef0fffff]
[    0.342745] pci_bus 0000:01: resource 2 [mem 0xd0000000-0xe1ffffff 64bit pref]
[    0.342746] pci_bus 0000:02: resource 0 [io  0xd000-0xdfff]
[    0.342747] pci_bus 0000:02: resource 1 [mem 0xef200000-0xef2fffff]
[    0.342748] pci_bus 0000:03: resource 1 [mem 0xef100000-0xef1fffff]
[    0.344023] pci 0000:01:00.1: extending delay after power-on from D3hot to 20 msec
[    0.344048] pci 0000:01:00.1: D0 power state depends on 0000:01:00.0
[    0.344058] PCI: CLS 64 bytes, default 64
[    0.344130] pci 0000:00:1f.1: [8086:a2a0] type 00 class 0x058000
[    0.344192] pci 0000:00:1f.1: reg 0x10: [mem 0xfd000000-0xfdffffff 64bit]
[    0.344436] PCI-DMA: Using software bounce buffering for IO (SWIOTLB)
[    0.344437] software IO TLB: mapped [mem 0x00000000a4e09000-0x00000000a8e09000] (64MB)
[    0.344469] Trying to unpack rootfs image as initramfs...
[    0.344496] sgx: EPC section 0xc0200000-0xc5f7ffff
[    0.357819] Initialise system trusted keyrings
[    0.357828] Key type blacklist registered
[    0.357888] workingset: timestamp_bits=41 max_order=23 bucket_order=0
[    0.357898] zbud: loaded
[    0.358060] integrity: Platform Keyring initialized
[    0.358063] integrity: Machine keyring initialized
[    0.370632] Key type asymmetric registered
[    0.370635] Asymmetric key parser 'x509' registered
[    0.370653] Block layer SCSI generic (bsg) driver version 0.4 loaded (major 242)
[    0.370691] io scheduler mq-deadline registered
[    0.370693] io scheduler kyber registered
[    0.370706] io scheduler bfq registered
[    0.371112] pcieport 0000:00:01.0: PME: Signaling with IRQ 121
[    0.371318] pcieport 0000:00:1c.0: PME: Signaling with IRQ 122
[    0.371535] pcieport 0000:00:1d.0: PME: Signaling with IRQ 123
[    0.371626] shpchp: Standard Hot Plug PCI Controller Driver version: 0.4
[    0.372254] input: Sleep Button as /devices/LNXSYSTM:00/LNXSYBUS:00/PNP0C0E:00/input/input0
[    0.372273] ACPI: button: Sleep Button [SLPB]
[    0.372296] input: Power Button as /devices/LNXSYSTM:00/LNXSYBUS:00/PNP0C0C:00/input/input1
[    0.372310] ACPI: button: Power Button [PWRB]
[    0.372332] input: Power Button as /devices/LNXSYSTM:00/LNXPWRBN:00/input/input2
[    0.372371] ACPI: button: Power Button [PWRF]
[    0.372801] Serial: 8250/16550 driver, 32 ports, IRQ sharing enabled
[    0.374299] serial 0000:00:16.3: enabling device (0000 -> 0003)
[    0.374790] 0000:00:16.3: ttyS4 at I/O 0xf060 (irq = 19, base_baud = 115200) is a 16550A
[    0.374987] Non-volatile memory driver v1.3
[    0.374988] Linux agpgart interface v0.103
[    0.382284] AMD-Vi: AMD IOMMUv2 functionality not available on this system - This is not a bug.
[    0.382337] ACPI: bus type drm_connector registered
[    0.383623] ahci 0000:00:17.0: version 3.0
[    0.383831] ahci 0000:00:17.0: AHCI 0001.0301 32 slots 5 ports 6 Gbps 0x3e impl SATA mode
[    0.383835] ahci 0000:00:17.0: flags: 64bit ncq sntf pm led clo only pio slum part ems deso sadm sds apst 
[    0.424309] scsi host0: ahci
[    0.424535] scsi host1: ahci
[    0.424712] scsi host2: ahci
[    0.424852] scsi host3: ahci
[    0.424923] scsi host4: ahci
[    0.424997] scsi host5: ahci
[    0.425024] ata1: DUMMY
[    0.425027] ata2: SATA max UDMA/133 abar m2048@0xef34b000 port 0xef34b180 irq 124
[    0.425029] ata3: SATA max UDMA/133 abar m2048@0xef34b000 port 0xef34b200 irq 124
[    0.425031] ata4: SATA max UDMA/133 abar m2048@0xef34b000 port 0xef34b280 irq 124
[    0.425033] ata5: SATA max UDMA/133 abar m2048@0xef34b000 port 0xef34b300 irq 124
[    0.425035] ata6: SATA max UDMA/133 abar m2048@0xef34b000 port 0xef34b380 irq 124
[    0.425119] usbcore: registered new interface driver usbserial_generic
[    0.425124] usbserial: USB Serial support registered for generic
[    0.425219] rtc_cmos 00:03: RTC can wake from S4
[    0.425891] rtc_cmos 00:03: registered as rtc0
[    0.426018] rtc_cmos 00:03: setting system clock to 2024-10-09T04:35:20 UTC (1728448520)
[    0.426045] rtc_cmos 00:03: alarms up to one month, y3k, 242 bytes nvram
[    0.426167] intel_pstate: Intel P-state driver initializing
[    0.426493] intel_pstate: HWP enabled
[    0.426607] ledtrig-cpu: registered to indicate activity on CPUs
[    0.426745] Relocating firmware framebuffer to offset 0x0000000001000000[d] within [mem 0xe0000000-0xe1ffffff flags 0x14220c]
[    0.426765] efifb: probing for efifb
[    0.426777] efifb: showing boot graphics
[    0.429570] efifb: framebuffer at 0xe1000000, using 8100k, total 8100k
[    0.429572] efifb: mode is 1920x1080x32, linelength=7680, pages=1
[    0.429573] efifb: scrolling: redraw
[    0.429574] efifb: Truecolor: size=8:8:8:8, shift=24:16:8:0
[    0.429660] fbcon: Deferring console take-over
[    0.429661] fb0: EFI VGA frame buffer device
[    0.429682] hid: raw HID events driver (C) Jiri Kosina
[    0.429758] resource: resource sanity check: requesting [mem 0x00000000fdffe800-0x00000000fe0007ff], which spans more than pnp 00:06 [mem 0xfdb00000-0xfdffffff]
[    0.429760] caller get_primary_reg_base+0x4d/0xb0 mapping multiple BARs
[    0.429771] intel_pmc_core intel_pmc_core.0:  initialized
[    0.429826] drop_monitor: Initializing network drop monitor service
[    0.440761] Initializing XFRM netlink socket
[    0.440787] NET: Registered PF_INET6 protocol family
[    0.465136] Freeing initrd memory: 101960K
[    0.471332] Segment Routing with IPv6
[    0.471348] RPL Segment Routing with IPv6
[    0.471357] In-situ OAM (IOAM) with IPv6
[    0.471382] NET: Registered PF_PACKET protocol family
[    0.472695] microcode: Microcode Update Driver: v2.2.
[    0.472700] IPI shorthand broadcast: enabled
[    0.474235] sched_clock: Marking stable (473334758, 462961)->(480378379, -6580660)
[    0.474458] registered taskstats version 1
[    0.475157] Loading compiled-in X.509 certificates
[    0.477436] Loaded X.509 cert 'Build time autogenerated kernel key: 030adc6f64a11a544120e5eb45e527ccdba2dc32'
[    0.478995] zswap: loaded using pool zstd/zsmalloc
[    0.480641] Key type .fscrypt registered
[    0.480643] Key type fscrypt-provisioning registered
[    0.481888] integrity: Loading X.509 certificate: UEFI:db
[    0.481941] integrity: Loaded X.509 cert 'SUSE Linux Enterprise Secure Boot Signkey: 3fb077b6cebc6ff2522e1c148c57c777c788e3e7'
[    0.481942] integrity: Loading X.509 certificate: UEFI:db
[    0.482248] integrity: Loaded X.509 cert 'Fujitsu Technology Solutions GmbH: DB: 9d8e0a4aa809435e7318cc863546eacfa37403e6'
[    0.482249] integrity: Loading X.509 certificate: UEFI:db
[    0.482371] integrity: Loaded X.509 cert 'Fujitsu BIOS DB Certificate: 2ebf8cd9b3324e874ef4e790ea6d1585'
[    0.482372] integrity: Loading X.509 certificate: UEFI:db
[    0.482386] integrity: Loaded X.509 cert 'Microsoft Corporation UEFI CA 2011: 13adbf4309bd82709c8cd54f316ed522988a1bd4'
[    0.482386] integrity: Loading X.509 certificate: UEFI:db
[    0.482399] integrity: Loaded X.509 cert 'Microsoft Windows Production PCA 2011: a92902398e16c49778cd90f99e4f9ae17c55af53'
[    0.483579] PM:   Magic number: 12:152:565
[    0.487082] RAS: Correctable Errors collector initialized.
[    0.487135] clk: Disabling unused clocks
[    0.734369] ata6: SATA link down (SStatus 4 SControl 300)
[    0.734410] ata2: SATA link up 6.0 Gbps (SStatus 133 SControl 300)
[    0.734442] ata5: SATA link down (SStatus 4 SControl 300)
[    0.734480] ata4: SATA link up 1.5 Gbps (SStatus 113 SControl 300)
[    0.736503] ata2.00: ACPI cmd f5/00:00:00:00:00:00(SECURITY FREEZE LOCK) filtered out
[    0.736514] ata2.00: ACPI cmd b1/c1:00:00:00:00:00(DEVICE CONFIGURATION OVERLAY) filtered out
[    0.738261] ata2.00: ATA-8: TOSHIBA DT01ACA100, MS2OA750, max UDMA/133
[    0.738287] ata3: SATA link down (SStatus 4 SControl 300)
[    0.738656] ata2.00: 1953525168 sectors, multi 16: LBA48 NCQ (depth 32), AA
[    0.740707] ata4.00: ACPI cmd f5/00:00:00:00:00:00(SECURITY FREEZE LOCK) filtered out
[    0.740718] ata4.00: ACPI cmd b1/c1:00:00:00:00:00(DEVICE CONFIGURATION OVERLAY) filtered out
[    0.740898] ata2.00: ACPI cmd f5/00:00:00:00:00:00(SECURITY FREEZE LOCK) filtered out
[    0.740907] ata2.00: ACPI cmd b1/c1:00:00:00:00:00(DEVICE CONFIGURATION OVERLAY) filtered out
[    0.742139] ata2.00: configured for UDMA/133
[    0.742415] scsi 1:0:0:0: Direct-Access     ATA      TOSHIBA DT01ACA1 A750 PQ: 0 ANSI: 5
[    0.743040] sd 1:0:0:0: [sda] 1953525168 512-byte logical blocks: (1.00 TB/932 GiB)
[    0.743047] sd 1:0:0:0: [sda] 4096-byte physical blocks
[    0.743138] sd 1:0:0:0: [sda] Write Protect is off
[    0.743146] sd 1:0:0:0: [sda] Mode Sense: 00 3a 00 00
[    0.743312] sd 1:0:0:0: [sda] Write cache: enabled, read cache: enabled, doesn't support DPO or FUA
[    0.743433] sd 1:0:0:0: [sda] Preferred minimum I/O size 4096 bytes
[    0.743848] ata4.00: ATAPI: HL-DT-ST DVDRAM GHC0N, WF01, max UDMA/100
[    0.747366]  sda: sda1
[    0.747521] sd 1:0:0:0: [sda] Attached SCSI disk
[    0.748282] ata4.00: ACPI cmd f5/00:00:00:00:00:00(SECURITY FREEZE LOCK) filtered out
[    0.748293] ata4.00: ACPI cmd b1/c1:00:00:00:00:00(DEVICE CONFIGURATION OVERLAY) filtered out
[    0.751776] ata4.00: configured for UDMA/100
[    0.761113] scsi 3:0:0:0: CD-ROM            HL-DT-ST DVDRAM GHC0N     WF01 PQ: 0 ANSI: 5
[    0.785831] Freeing unused decrypted memory: 2028K
[    0.786685] Freeing unused kernel image (initmem) memory: 3432K
[    0.786780] Write protecting the kernel read-only data: 30720k
[    0.787795] Freeing unused kernel image (rodata/data gap) memory: 1304K
[    0.852779] x86/mm: Checked W+X mappings: passed, no W+X pages found.
[    0.852782] rodata_test: all tests were successful
[    0.852783] x86/mm: Checking user space page tables
[    0.888634] x86/mm: Checked W+X mappings: passed, no W+X pages found.
[    0.888637] Run /init as init process
[    0.888638]   with arguments:
[    0.888639]     /init
[    0.888640]   with environment:
[    0.888640]     HOME=/
[    0.888641]     TERM=linux
[    0.888642]     BOOT_IMAGE=/vmlinuz-linux-lts
[    1.307997] nvidia: loading out-of-tree module taints kernel.
[    1.308005] nvidia: module license 'NVIDIA' taints kernel.
[    1.308005] Disabling lock debugging due to kernel taint
[    1.308008] nvidia: module verification failed: signature and/or required key missing - tainting kernel
[    1.308009] nvidia: module license taints kernel.
[    1.367212] tsc: Refined TSC clocksource calibration: 3408.055 MHz
[    1.367217] clocksource: tsc: mask: 0xffffffffffffffff max_cycles: 0x312007a618b, max_idle_ns: 440795280075 ns
[    1.652446] clocksource: Switched to clocksource tsc
[    1.729609] nvidia-nvlink: Nvlink Core is being initialized, major device number 237

[    1.731133] nvidia 0000:01:00.0: vgaarb: VGA decodes changed: olddecodes=io+mem,decodes=none:owns=io+mem
[    1.847729] NVRM: loading NVIDIA UNIX x86_64 Kernel Module  550.107.02  Wed Jul 24 23:53:00 UTC 2024
[    1.880063] nvidia-modeset: Loading NVIDIA Kernel Mode Setting Driver for UNIX platforms  550.107.02  Wed Jul 24 23:24:27 UTC 2024
[    1.907055] nvidia_uvm: module uses symbols nvUvmInterfaceDisableAccessCntr from proprietary module nvidia, inheriting taint.
[    2.027439] nvidia-uvm: Loaded the UVM driver, major device number 235.
[    2.030941] [drm] [nvidia-drm] [GPU ID 0x00000100] Loading driver
[    3.346524] [drm] Initialized nvidia-drm 0.0.0 20160202 for 0000:01:00.0 on minor 0
[    3.531803] xhci_hcd 0000:00:14.0: xHCI Host Controller
[    3.531811] xhci_hcd 0000:00:14.0: new USB bus registered, assigned bus number 1
[    3.532937] xhci_hcd 0000:00:14.0: hcc params 0x200077c1 hci version 0x100 quirks 0x0000000000009810
[    3.533328] xhci_hcd 0000:00:14.0: xHCI Host Controller
[    3.533332] xhci_hcd 0000:00:14.0: new USB bus registered, assigned bus number 2
[    3.533335] xhci_hcd 0000:00:14.0: Host supports USB 3.0 SuperSpeed
[    3.533416] usb usb1: New USB device found, idVendor=1d6b, idProduct=0002, bcdDevice= 6.06
[    3.533419] usb usb1: New USB device strings: Mfr=3, Product=2, SerialNumber=1
[    3.533421] usb usb1: Product: xHCI Host Controller
[    3.533423] usb usb1: Manufacturer: Linux 6.6.54-1-lts xhci-hcd
[    3.533424] usb usb1: SerialNumber: 0000:00:14.0
[    3.533575] hub 1-0:1.0: USB hub found
[    3.533610] hub 1-0:1.0: 16 ports detected
[    3.534846] usb usb2: New USB device found, idVendor=1d6b, idProduct=0003, bcdDevice= 6.06
[    3.534849] usb usb2: New USB device strings: Mfr=3, Product=2, SerialNumber=1
[    3.534851] usb usb2: Product: xHCI Host Controller
[    3.534853] usb usb2: Manufacturer: Linux 6.6.54-1-lts xhci-hcd
[    3.534854] usb usb2: SerialNumber: 0000:00:14.0
[    3.534937] hub 2-0:1.0: USB hub found
[    3.534957] hub 2-0:1.0: 8 ports detected
[    3.535379] usb: port power management may be unreliable
[    3.548491] nvme nvme0: pci function 0000:03:00.0
[    3.579309] nvme nvme0: allocated 64 MiB host memory buffer.
[    3.610307] sr 3:0:0:0: [sr0] scsi3-mmc drive: 48x/12x writer dvd-ram cd/rw xa/form2 cdda tray
[    3.610315] cdrom: Uniform CD-ROM driver Revision: 3.20
[    3.620708] nvme nvme0: 8/0/0 default/read/poll queues
[    3.625101]  nvme0n1: p1 p2
[    3.675307] sr 3:0:0:0: Attached scsi CD-ROM sr0
[    3.783148] usb 1-5: new full-speed USB device number 2 using xhci_hcd
[    3.926282] usb 1-5: New USB device found, idVendor=062a, idProduct=7223, bcdDevice= 0.14
[    3.926293] usb 1-5: New USB device strings: Mfr=1, Product=2, SerialNumber=0
[    3.926298] usb 1-5: Product: Full-Speed Mouse
[    3.926302] usb 1-5: Manufacturer: Full-Speed Mouse
[    3.947606] input: Full-Speed Mouse Full-Speed Mouse as /devices/pci0000:00/0000:00:14.0/usb1/1-5/1-5:1.0/0003:062A:7223.0001/input/input3
[    3.947783] hid-generic 0003:062A:7223.0001: input,hidraw0: USB HID v1.10 Mouse [Full-Speed Mouse Full-Speed Mouse] on usb-0000:00:14.0-5/input0
[    3.949068] input: Full-Speed Mouse Full-Speed Mouse as /devices/pci0000:00/0000:00:14.0/usb1/1-5/1-5:1.1/0003:062A:7223.0002/input/input4
[    4.049994] usb 1-6: new low-speed USB device number 3 using xhci_hcd
[    4.080158] hid-generic 0003:062A:7223.0002: input,hidraw1: USB HID v1.10 Keyboard [Full-Speed Mouse Full-Speed Mouse] on usb-0000:00:14.0-5/input1
[    4.080278] usbcore: registered new interface driver usbhid
[    4.080284] usbhid: USB HID core driver
[    4.167590] fbcon: Taking over console
[    4.168086] Console: switching to colour frame buffer device 240x67
[    4.201428] usb 1-6: New USB device found, idVendor=258a, idProduct=000c, bcdDevice= 1.00
[    4.201438] usb 1-6: New USB device strings: Mfr=1, Product=2, SerialNumber=0
[    4.201443] usb 1-6: Product: USB KEYBOARD
[    4.201447] usb 1-6: Manufacturer: HAILUCK CO.,LTD
[    4.207032] input: HAILUCK CO.,LTD USB KEYBOARD as /devices/pci0000:00/0000:00:14.0/usb1/1-6/1-6:1.0/0003:258A:000C.0003/input/input5
[    4.284517] EXT4-fs (nvme0n1p2): mounted filesystem 9726f5e4-c284-4b2f-b0db-e2dde5ca7484 r/w with ordered data mode. Quota mode: none.
[    4.340336] hid-generic 0003:258A:000C.0003: input,hidraw2: USB HID v1.10 Keyboard [HAILUCK CO.,LTD USB KEYBOARD] on usb-0000:00:14.0-6/input0
[    4.343339] systemd[1]: systemd 256.6-1-arch running in system mode (+PAM +AUDIT -SELINUX -APPARMOR -IMA +SMACK +SECCOMP +GCRYPT +GNUTLS +OPENSSL +ACL +BLKID +CURL +ELFUTILS +FIDO2 +IDN2 -IDN +IPTC +KMOD +LIBCRYPTSETUP +LIBCRYPTSETUP_PLUGINS +LIBFDISK +PCRE2 +PWQUALITY +P11KIT +QRENCODE +TPM2 +BZIP2 +LZ4 +XZ +ZLIB +ZSTD +BPF_FRAMEWORK +XKBCOMMON +UTMP -SYSVINIT +LIBARCHIVE)
[    4.343345] systemd[1]: Detected architecture x86-64.
[    4.344075] systemd[1]: Hostname set to <archway>.
[    4.351147] input: HAILUCK CO.,LTD USB KEYBOARD Mouse as /devices/pci0000:00/0000:00:14.0/usb1/1-6/1-6:1.1/0003:258A:000C.0004/input/input6
[    4.351231] input: HAILUCK CO.,LTD USB KEYBOARD System Control as /devices/pci0000:00/0000:00:14.0/usb1/1-6/1-6:1.1/0003:258A:000C.0004/input/input7
[    4.400132] systemd[1]: memfd_create() called without MFD_EXEC or MFD_NOEXEC_SEAL set
[    4.406724] input: HAILUCK CO.,LTD USB KEYBOARD Consumer Control as /devices/pci0000:00/0000:00:14.0/usb1/1-6/1-6:1.1/0003:258A:000C.0004/input/input8
[    4.406900] input: HAILUCK CO.,LTD USB KEYBOARD Wireless Radio Control as /devices/pci0000:00/0000:00:14.0/usb1/1-6/1-6:1.1/0003:258A:000C.0004/input/input9
[    4.407222] hid-generic 0003:258A:000C.0004: input,hiddev96,hidraw3: USB HID v1.10 Mouse [HAILUCK CO.,LTD USB KEYBOARD] on usb-0000:00:14.0-6/input1
[    4.529974] usb 1-10: new high-speed USB device number 4 using xhci_hcd
[    4.671912] usb 1-10: New USB device found, idVendor=14cd, idProduct=125d, bcdDevice= 1.00
[    4.671924] usb 1-10: New USB device strings: Mfr=1, Product=3, SerialNumber=2
[    4.671929] usb 1-10: Product: Mass Storage Device
[    4.671933] usb 1-10: Manufacturer: Generic
[    4.671936] usb 1-10: SerialNumber: 125D20140310
[    4.893455] systemd[1]: bpf-restrict-fs: LSM BPF program attached
[    4.943374] zram: Added device: zram0
[    5.017708] systemd[1]: Queued start job for default target Graphical Interface.
[    5.053513] systemd[1]: Created slice Slice /system/dirmngr.
[    5.054510] systemd[1]: Created slice Slice /system/getty.
[    5.055353] systemd[1]: Created slice Slice /system/gpg-agent.
[    5.056254] systemd[1]: Created slice Slice /system/gpg-agent-browser.
[    5.057187] systemd[1]: Created slice Slice /system/gpg-agent-extra.
[    5.058042] systemd[1]: Created slice Slice /system/gpg-agent-ssh.
[    5.058894] systemd[1]: Created slice Slice /system/keyboxd.
[    5.059739] systemd[1]: Created slice Slice /system/modprobe.
[    5.060604] systemd[1]: Created slice Slice /system/systemd-zram-setup.
[    5.061258] systemd[1]: Created slice User and Session Slice.
[    5.061444] systemd[1]: Started Dispatch Password Requests to Console Directory Watch.
[    5.061611] systemd[1]: Started Forward Password Requests to Wall Directory Watch.
[    5.062083] systemd[1]: Set up automount Arbitrary Executable File Formats File System Automount Point.
[    5.062135] systemd[1]: Expecting device /dev/disk/by-uuid/B680-7128...
[    5.062156] systemd[1]: Expecting device /dev/disk/by-uuid/d3540dba-4721-4be3-ad25-3db0e82ab657...
[    5.062170] systemd[1]: Expecting device /dev/zram0...
[    5.062196] systemd[1]: Reached target Local Encrypted Volumes.
[    5.062235] systemd[1]: Reached target Local Integrity Protected Volumes.
[    5.062285] systemd[1]: Reached target Path Units.
[    5.062321] systemd[1]: Reached target Remote File Systems.
[    5.062346] systemd[1]: Reached target Slice Units.
[    5.062402] systemd[1]: Reached target Local Verity Protected Volumes.
[    5.062657] systemd[1]: Listening on Device-mapper event daemon FIFOs.
[    5.065594] systemd[1]: Listening on Process Core Dump Socket.
[    5.067266] systemd[1]: Listening on Credential Encryption/Decryption.
[    5.067545] systemd[1]: Listening on Journal Socket (/dev/log).
[    5.067821] systemd[1]: Listening on Journal Sockets.
[    5.068214] systemd[1]: Listening on Network Service Netlink Socket.
[    5.068291] systemd[1]: TPM PCR Measurements was skipped because of an unmet condition check (ConditionSecurity=measured-uki).
[    5.068322] systemd[1]: Make TPM PCR Policy was skipped because of an unmet condition check (ConditionSecurity=measured-uki).
[    5.068524] systemd[1]: Listening on udev Control Socket.
[    5.068683] systemd[1]: Listening on udev Kernel Socket.
[    5.068865] systemd[1]: Listening on User Database Manager Socket.
[    5.071051] systemd[1]: Mounting Huge Pages File System...
[    5.072787] systemd[1]: Mounting POSIX Message Queue File System...
[    5.074636] systemd[1]: Mounting Kernel Debug File System...
[    5.076407] systemd[1]: Mounting Kernel Trace File System...
[    5.077778] systemd[1]: Starting Create List of Static Device Nodes...
[    5.078761] systemd[1]: Starting Load Kernel Module configfs...
[    5.079659] systemd[1]: Starting Load Kernel Module dm_mod...
[    5.080609] systemd[1]: Starting Load Kernel Module drm...
[    5.081533] systemd[1]: Starting Load Kernel Module fuse...
[    5.082484] systemd[1]: Starting Load Kernel Module loop...
[    5.082555] systemd[1]: File System Check on Root Device was skipped because of an unmet condition check (ConditionPathIsReadWrite=!/).
[    5.082604] systemd[1]: Clear Stale Hibernate Storage Info was skipped because of an unmet condition check (ConditionPathExists=/sys/firmware/efi/efivars/HibernateLocation-8cf2644b-4b0b-428f-9387-6d876050dc67).
[    5.084684] systemd[1]: Starting Journal Service...
[    5.086035] systemd[1]: Starting Load Kernel Modules...
[    5.087010] systemd[1]: Starting Generate network units from Kernel command line...
[    5.087043] systemd[1]: TPM PCR Machine ID Measurement was skipped because of an unmet condition check (ConditionSecurity=measured-uki).
[    5.087939] systemd[1]: Starting Remount Root and Kernel File Systems...
[    5.088003] systemd[1]: Early TPM SRK Setup was skipped because of an unmet condition check (ConditionSecurity=measured-uki).
[    5.091117] systemd[1]: Starting Load udev Rules from Credentials...
[    5.094191] systemd[1]: Starting Coldplug All udev Devices...
[    5.094231] loop: module loaded
[    5.098849] systemd[1]: Mounted Huge Pages File System.
[    5.098972] systemd[1]: Mounted POSIX Message Queue File System.
[    5.099085] systemd[1]: Mounted Kernel Debug File System.
[    5.099199] systemd[1]: Mounted Kernel Trace File System.
[    5.100314] device-mapper: uevent: version 1.0.3
[    5.100394] device-mapper: ioctl: 4.48.0-ioctl (2023-03-01) initialised: dm-devel@redhat.com
[    5.102776] fuse: init (API version 7.39)
[    5.104455] systemd-journald[318]: Collecting audit messages is disabled.
[    5.120194] EXT4-fs (nvme0n1p2): re-mounted 9726f5e4-c284-4b2f-b0db-e2dde5ca7484 r/w. Quota mode: none.
[    5.133407] systemd[1]: Finished Create List of Static Device Nodes.
[    5.134239] systemd[1]: modprobe@configfs.service: Deactivated successfully.
[    5.166720] systemd[1]: Finished Load Kernel Module configfs.
[    5.166855] systemd[1]: Started Journal Service.
[    5.522745] systemd-journald[318]: Received client request to flush runtime journal.
[    6.209281] zram0: detected capacity change from 0 to 8388608
[    6.251955] mousedev: PS/2 mouse device common for all mice
[    6.273363] fujitsu_laptop: ACPI: Fujitsu FUJ02E3 [FEXT]
[    6.301535] EDAC ie31200: No ECC support
[    6.306339] EDAC ie31200: No ECC support
[    6.331725] Adding 4194300k swap on /dev/zram0.  Priority:100 extents:1 across:4194300k SSDsc
[    6.332860] usb-storage 1-10:1.0: USB Mass Storage device detected
[    6.333485] scsi host6: usb-storage 1-10:1.0
[    6.333580] usbcore: registered new interface driver usb-storage
[    6.372280] input: PC Speaker as /devices/platform/pcspkr/input/input10
[    6.372451] e1000e: Intel(R) PRO/1000 Network Driver
[    6.372452] e1000e: Copyright(c) 1999 - 2015 Intel Corporation.
[    6.372666] e1000e 0000:00:1f.6: Interrupt Throttling Rate (ints/sec) set to dynamic conservative mode
[    6.378263] cfg80211: Loading compiled-in X.509 certificates for regulatory database
[    6.378413] Loaded X.509 cert 'sforshee: 00b28ddf47aef9cea7'
[    6.378540] Loaded X.509 cert 'wens: 61c038651aabdcf94bd0ac7ff06c7248db18c600'
[    6.378677] usbcore: registered new interface driver uas
[    6.378997] platform regulatory.0: Direct firmware load for regulatory.db failed with error -2
[    6.379000] cfg80211: failed to load regulatory.db
[    6.381421] FAT-fs (nvme0n1p1): Volume was not properly unmounted. Some data may be corrupt. Please run fsck.
[    6.381753] i801_smbus 0000:00:1f.4: SPD Write Disable is set
[    6.381785] i801_smbus 0000:00:1f.4: SMBus using PCI interrupt
[    6.384023] i2c i2c-4: 2/4 memory slots populated (from DMI)
[    6.385777] i2c i2c-4: Successfully instantiated SPD at 0x51
[    6.386673] i2c i2c-4: Successfully instantiated SPD at 0x53
[    6.388960] mei_me 0000:00:16.0: enabling device (0000 -> 0002)
[    6.415328] RAPL PMU: API unit is 2^-32 Joules, 3 fixed counters, 655360 ms ovfl timer
[    6.415332] RAPL PMU: hw unit of domain pp0-core 2^-14 Joules
[    6.415333] RAPL PMU: hw unit of domain package 2^-14 Joules
[    6.415335] RAPL PMU: hw unit of domain dram 2^-14 Joules
[    6.421152] cryptd: max_cpu_qlen set to 1000
[    6.454465] e1000e 0000:00:1f.6 0000:00:1f.6 (uninitialized): registered PHC clock
[    6.476560] iTCO_vendor_support: vendor-support=0
[    6.476667] AVX2 version of gcm_enc/dec engaged.
[    6.476721] AES CTR mode by8 optimization enabled
[    6.476878] ee1004 4-0051: 512 byte EE1004-compliant SPD EEPROM, read-only
[    6.476900] ee1004 4-0053: 512 byte EE1004-compliant SPD EEPROM, read-only
[    6.524289] e1000e 0000:00:1f.6 eth0: (PCI Express:2.5GT/s:Width x1) 4c:52:62:0f:99:90
[    6.524294] e1000e 0000:00:1f.6 eth0: Intel(R) PRO/1000 Network Connection
[    6.524355] e1000e 0000:00:1f.6 eth0: MAC: 12, PHY: 12, PBA No: FFFFFF-0FF
[    6.573888] e1000e 0000:00:1f.6 enp0s31f6: renamed from eth0
[    6.578526] iTCO_wdt iTCO_wdt: Found a Intel PCH TCO device (Version=4, TCOBASE=0x0400)
[    6.583615] iTCO_wdt iTCO_wdt: initialized. heartbeat=30 sec (nowayout=0)
[    6.653203] rtw_8822be 0000:02:00.0: enabling device (0140 -> 0143)
[    6.657807] EXT4-fs (sda1): mounted filesystem d3540dba-4721-4be3-ad25-3db0e82ab657 r/w with ordered data mode. Quota mode: none.
[    6.672032] rtw_8822be 0000:02:00.0: Firmware version 27.2.0, H2C version 13
[    6.672670] snd_hda_intel 0000:01:00.1: Disabling MSI
[    6.672678] snd_hda_intel 0000:01:00.1: Handle vga_switcheroo audio client
[    6.694368] input: HDA NVidia HDMI/DP,pcm=3 as /devices/pci0000:00/0000:00:01.0/0000:01:00.1/sound/card1/input11
[    6.694721] input: HDA NVidia HDMI/DP,pcm=7 as /devices/pci0000:00/0000:00:01.0/0000:01:00.1/sound/card1/input12
[    6.694770] input: HDA NVidia HDMI/DP,pcm=8 as /devices/pci0000:00/0000:00:01.0/0000:01:00.1/sound/card1/input13
[    6.694815] input: HDA NVidia HDMI/DP,pcm=9 as /devices/pci0000:00/0000:00:01.0/0000:01:00.1/sound/card1/input14
[    6.752486] snd_hda_codec_realtek hdaudioC0D0: autoconfig for ALC671: line_outs=1 (0x21/0x0/0x0/0x0/0x0) type:line
[    6.752493] snd_hda_codec_realtek hdaudioC0D0:    speaker_outs=0 (0x0/0x0/0x0/0x0/0x0)
[    6.752495] snd_hda_codec_realtek hdaudioC0D0:    hp_outs=1 (0x14/0x0/0x0/0x0/0x0)
[    6.752498] snd_hda_codec_realtek hdaudioC0D0:    mono: mono_out=0x0
[    6.752500] snd_hda_codec_realtek hdaudioC0D0:    inputs:
[    6.752502] snd_hda_codec_realtek hdaudioC0D0:      Mic=0x19
[    6.752504] snd_hda_codec_realtek hdaudioC0D0:      Line=0x18
[    6.761498] input: HDA Intel PCH Mic as /devices/pci0000:00/0000:00:1f.3/sound/card0/input15
[    6.761756] input: HDA Intel PCH Line as /devices/pci0000:00/0000:00:1f.3/sound/card0/input16
[    6.761805] input: HDA Intel PCH Line Out as /devices/pci0000:00/0000:00:1f.3/sound/card0/input17
[    6.761851] input: HDA Intel PCH Front Headphone as /devices/pci0000:00/0000:00:1f.3/sound/card0/input18
[    6.761910] snd_hda_intel 0000:00:1f.3: device 1734:1232 is on the power_save denylist, forcing power_save to 0
[    6.785933] intel_tcc_cooling: Programmable TCC Offset detected
[    6.792839] intel_rapl_common: Found RAPL domain package
[    6.792842] intel_rapl_common: Found RAPL domain core
[    6.792843] intel_rapl_common: Found RAPL domain dram
[    6.897798] rtw_8822be 0000:02:00.0 wlp2s0: renamed from wlan0
[    7.340679] scsi 6:0:0:0: Direct-Access     Mass     Storage Device        PQ: 0 ANSI: 0 CCS
[    7.341772] sd 6:0:0:0: [sdb] Media removed, stopped polling
[    7.342691] sd 6:0:0:0: [sdb] Attached SCSI removable disk
[    7.359884] ACPI: \_SB_.PCI0.LPCB.FEXT: BTNI: [0x80000000]
[    7.360018] input: Fujitsu FUJ02E3 as /devices/LNXSYSTM:00/LNXSYBUS:00/PNP0A08:00/device:19/FUJ02E3:00/input/input19
[    7.390256] fujitsu_laptop: driver 0.6.0 successfully loaded
[   27.429853] e1000e 0000:00:1f.6 enp0s31f6: NIC Link is Up 100 Mbps Full Duplex, Flow Control: Rx/Tx
[ 4628.856042] PM: suspend entry (deep)
[ 4628.858573] Filesystems sync: 0.002 seconds
[ 4629.313517] Freezing user space processes
[ 4629.314897] Freezing user space processes completed (elapsed 0.001 seconds)
[ 4629.314913] OOM killer disabled.
[ 4629.314913] Freezing remaining freezable tasks
[ 4629.316022] Freezing remaining freezable tasks completed (elapsed 0.001 seconds)
[ 4629.316058] printk: Suspending console(s) (use no_console_suspend to debug)
[ 4629.317960] e1000e: EEE TX LPI TIMER: 00000011
[ 4629.335196] sd 1:0:0:0: [sda] Synchronizing SCSI cache
[ 4629.336586] ata2.00: Entering standby power mode
[ 4629.953269] ACPI: PM: Preparing to enter system sleep state S3
[ 4629.956093] ACPI: PM: Saving platform NVS memory
[ 4629.957392] Disabling non-boot CPUs ...
[ 4629.959604] smpboot: CPU 1 is now offline
[ 4629.961185] smpboot: CPU 2 is now offline
[ 4629.962750] smpboot: CPU 3 is now offline
[ 4629.964654] smpboot: CPU 4 is now offline
[ 4629.966358] smpboot: CPU 5 is now offline
[ 4629.967938] smpboot: CPU 6 is now offline
[ 4629.969522] smpboot: CPU 7 is now offline
[ 4629.971586] ACPI: PM: Low-level resume complete
[ 4629.971644] ACPI: PM: Restoring platform NVS memory
[ 4629.972851] Enabling non-boot CPUs ...
[ 4629.973035] smpboot: Booting Node 0 Processor 1 APIC 0x2
[ 4629.973716] CPU1 is up
[ 4629.973935] smpboot: Booting Node 0 Processor 2 APIC 0x4
[ 4629.974604] CPU2 is up
[ 4629.974895] smpboot: Booting Node 0 Processor 3 APIC 0x6
[ 4629.975556] CPU3 is up
[ 4629.975781] smpboot: Booting Node 0 Processor 4 APIC 0x1
[ 4629.976555] CPU4 is up
[ 4629.976769] smpboot: Booting Node 0 Processor 5 APIC 0x3
[ 4629.977437] CPU5 is up
[ 4629.977650] smpboot: Booting Node 0 Processor 6 APIC 0x5
[ 4629.978348] CPU6 is up
[ 4629.978551] smpboot: Booting Node 0 Processor 7 APIC 0x7
[ 4629.979250] CPU7 is up
[ 4629.982575] ACPI: PM: Waking up from system sleep state S3
[ 4631.157912] nvme nvme0: 8/0/0 default/read/poll queues
[ 4631.457517] ata2: SATA link up 6.0 Gbps (SStatus 133 SControl 300)
[ 4631.457523] ata2.00: Entering active power mode
[ 4631.458067] ata3: SATA link down (SStatus 4 SControl 300)
[ 4631.458114] ata5: SATA link down (SStatus 4 SControl 300)
[ 4631.458332] ata4: SATA link up 1.5 Gbps (SStatus 113 SControl 300)
[ 4631.458365] ata6: SATA link down (SStatus 4 SControl 300)
[ 4631.463841] ata4.00: ACPI cmd f5/00:00:00:00:00:00(SECURITY FREEZE LOCK) filtered out
[ 4631.463844] ata4.00: ACPI cmd b1/c1:00:00:00:00:00(DEVICE CONFIGURATION OVERLAY) filtered out
[ 4631.469120] ata4.00: ACPI cmd f5/00:00:00:00:00:00(SECURITY FREEZE LOCK) filtered out
[ 4631.469123] ata4.00: ACPI cmd b1/c1:00:00:00:00:00(DEVICE CONFIGURATION OVERLAY) filtered out
[ 4631.470142] ata4.00: configured for UDMA/100
[ 4631.483066] ata2.00: ACPI cmd f5/00:00:00:00:00:00(SECURITY FREEZE LOCK) filtered out
[ 4631.483069] ata2.00: ACPI cmd b1/c1:00:00:00:00:00(DEVICE CONFIGURATION OVERLAY) filtered out
[ 4631.483852] sd 1:0:0:0: [sda] Starting disk
[ 4631.484924] ata2.00: ACPI cmd f5/00:00:00:00:00:00(SECURITY FREEZE LOCK) filtered out
[ 4631.484940] ata2.00: ACPI cmd b1/c1:00:00:00:00:00(DEVICE CONFIGURATION OVERLAY) filtered out
[ 4631.485666] ata2.00: configured for UDMA/133
[ 4631.497244] OOM killer enabled.
[ 4631.497245] Restarting tasks ... done.
[ 4631.498908] random: crng reseeded on system resumption
[ 4631.500904] PM: suspend exit
[ 4652.024168] e1000e 0000:00:1f.6 enp0s31f6: NIC Link is Up 100 Mbps Full Duplex, Flow Control: Rx/Tx
[ 4781.124968] PM: suspend entry (deep)
[ 4781.151059] Filesystems sync: 0.026 seconds
[ 4781.577831] Freezing user space processes
[ 4781.579172] Freezing user space processes completed (elapsed 0.001 seconds)
[ 4781.579175] OOM killer disabled.
[ 4781.579176] Freezing remaining freezable tasks
[ 4781.580251] Freezing remaining freezable tasks completed (elapsed 0.001 seconds)
[ 4781.580286] printk: Suspending console(s) (use no_console_suspend to debug)
[ 4781.583221] e1000e: EEE TX LPI TIMER: 00000011
[ 4781.634658] sd 1:0:0:0: [sda] Synchronizing SCSI cache
[ 4781.635852] ata2.00: Entering standby power mode
[ 4782.228464] ACPI: PM: Preparing to enter system sleep state S3
[ 4782.231297] ACPI: PM: Saving platform NVS memory
[ 4782.232634] Disabling non-boot CPUs ...
[ 4782.234564] smpboot: CPU 1 is now offline
[ 4782.237410] smpboot: CPU 2 is now offline
[ 4782.240212] smpboot: CPU 3 is now offline
[ 4782.243190] smpboot: CPU 4 is now offline
[ 4782.245828] smpboot: CPU 5 is now offline
[ 4782.247329] smpboot: CPU 6 is now offline
[ 4782.248922] smpboot: CPU 7 is now offline
[ 4782.250854] ACPI: PM: Low-level resume complete
[ 4782.250913] ACPI: PM: Restoring platform NVS memory
[ 4782.252123] Enabling non-boot CPUs ...
[ 4782.252311] smpboot: Booting Node 0 Processor 1 APIC 0x2
[ 4782.253002] CPU1 is up
[ 4782.253204] smpboot: Booting Node 0 Processor 2 APIC 0x4
[ 4782.253874] CPU2 is up
[ 4782.254098] smpboot: Booting Node 0 Processor 3 APIC 0x6
[ 4782.254794] CPU3 is up
[ 4782.255064] smpboot: Booting Node 0 Processor 4 APIC 0x1
[ 4782.255810] CPU4 is up
[ 4782.256046] smpboot: Booting Node 0 Processor 5 APIC 0x3
[ 4782.256745] CPU5 is up
[ 4782.256966] smpboot: Booting Node 0 Processor 6 APIC 0x5
[ 4782.257667] CPU6 is up
[ 4782.257872] smpboot: Booting Node 0 Processor 7 APIC 0x7
[ 4782.258572] CPU7 is up
[ 4782.261865] ACPI: PM: Waking up from system sleep state S3
[ 4783.454458] nvme nvme0: 8/0/0 default/read/poll queues
[ 4783.750192] ata6: SATA link down (SStatus 4 SControl 300)
[ 4783.750818] ata4: SATA link up 1.5 Gbps (SStatus 113 SControl 300)
[ 4783.750997] ata3: SATA link down (SStatus 4 SControl 300)
[ 4783.751039] ata5: SATA link down (SStatus 4 SControl 300)
[ 4783.751121] ata2: SATA link up 6.0 Gbps (SStatus 133 SControl 300)
[ 4783.751126] ata2.00: Entering active power mode
[ 4783.755896] ata4.00: ACPI cmd f5/00:00:00:00:00:00(SECURITY FREEZE LOCK) filtered out
[ 4783.755911] ata4.00: ACPI cmd b1/c1:00:00:00:00:00(DEVICE CONFIGURATION OVERLAY) filtered out
[ 4783.761212] ata4.00: ACPI cmd f5/00:00:00:00:00:00(SECURITY FREEZE LOCK) filtered out
[ 4783.761228] ata4.00: ACPI cmd b1/c1:00:00:00:00:00(DEVICE CONFIGURATION OVERLAY) filtered out
[ 4783.762239] ata4.00: configured for UDMA/100
[ 4783.779192] ata2.00: ACPI cmd f5/00:00:00:00:00:00(SECURITY FREEZE LOCK) filtered out
[ 4783.779195] ata2.00: ACPI cmd b1/c1:00:00:00:00:00(DEVICE CONFIGURATION OVERLAY) filtered out
[ 4783.779992] sd 1:0:0:0: [sda] Starting disk
[ 4783.781046] ata2.00: ACPI cmd f5/00:00:00:00:00:00(SECURITY FREEZE LOCK) filtered out
[ 4783.781049] ata2.00: ACPI cmd b1/c1:00:00:00:00:00(DEVICE CONFIGURATION OVERLAY) filtered out
[ 4783.781781] ata2.00: configured for UDMA/133
[ 4783.790995] OOM killer enabled.
[ 4783.790998] Restarting tasks ... done.
[ 4783.792472] random: crng reseeded on system resumption
[ 4783.792819] PM: suspend exit
[ 4804.375897] e1000e 0000:00:1f.6 enp0s31f6: NIC Link is Up 100 Mbps Full Duplex, Flow Control: Rx/Tx
[ 5506.427604] PM: suspend entry (deep)
[ 5506.430478] Filesystems sync: 0.002 seconds
[ 5506.844621] Freezing user space processes
[ 5506.845890] Freezing user space processes completed (elapsed 0.001 seconds)
[ 5506.845892] OOM killer disabled.
[ 5506.845893] Freezing remaining freezable tasks
[ 5506.846951] Freezing remaining freezable tasks completed (elapsed 0.001 seconds)
[ 5506.846986] printk: Suspending console(s) (use no_console_suspend to debug)
[ 5506.850422] e1000e: EEE TX LPI TIMER: 00000011
[ 5506.877183] sd 1:0:0:0: [sda] Synchronizing SCSI cache
[ 5506.878436] ata2.00: Entering standby power mode
[ 5507.498322] ACPI: PM: Preparing to enter system sleep state S3
[ 5507.501165] ACPI: PM: Saving platform NVS memory
[ 5507.502424] Disabling non-boot CPUs ...
[ 5507.504658] smpboot: CPU 1 is now offline
[ 5507.506306] smpboot: CPU 2 is now offline
[ 5507.507957] smpboot: CPU 3 is now offline
[ 5507.509725] smpboot: CPU 4 is now offline
[ 5507.511416] smpboot: CPU 5 is now offline
[ 5507.513238] smpboot: CPU 6 is now offline
[ 5507.515126] smpboot: CPU 7 is now offline
[ 5507.517142] ACPI: PM: Low-level resume complete
[ 5507.517201] ACPI: PM: Restoring platform NVS memory
[ 5507.518410] Enabling non-boot CPUs ...
[ 5507.518600] smpboot: Booting Node 0 Processor 1 APIC 0x2
[ 5507.519293] CPU1 is up
[ 5507.519518] smpboot: Booting Node 0 Processor 2 APIC 0x4
[ 5507.520234] CPU2 is up
[ 5507.520483] smpboot: Booting Node 0 Processor 3 APIC 0x6
[ 5507.521148] CPU3 is up
[ 5507.521419] smpboot: Booting Node 0 Processor 4 APIC 0x1
[ 5507.522153] CPU4 is up
[ 5507.522406] smpboot: Booting Node 0 Processor 5 APIC 0x3
[ 5507.523107] CPU5 is up
[ 5507.523344] smpboot: Booting Node 0 Processor 6 APIC 0x5
[ 5507.524052] CPU6 is up
[ 5507.524282] smpboot: Booting Node 0 Processor 7 APIC 0x7
[ 5507.525002] CPU7 is up
[ 5507.528311] ACPI: PM: Waking up from system sleep state S3
[ 5508.711278] nvme nvme0: 8/0/0 default/read/poll queues
[ 5509.009484] ata3: SATA link down (SStatus 4 SControl 300)
[ 5509.010175] ata5: SATA link down (SStatus 4 SControl 300)
[ 5509.010348] ata4: SATA link up 1.5 Gbps (SStatus 113 SControl 300)
[ 5509.010465] ata2: SATA link up 6.0 Gbps (SStatus 133 SControl 300)
[ 5509.010471] ata2.00: Entering active power mode
[ 5509.010491] ata6: SATA link down (SStatus 4 SControl 300)
[ 5509.015339] ata4.00: ACPI cmd f5/00:00:00:00:00:00(SECURITY FREEZE LOCK) filtered out
[ 5509.015355] ata4.00: ACPI cmd b1/c1:00:00:00:00:00(DEVICE CONFIGURATION OVERLAY) filtered out
[ 5509.021163] ata4.00: ACPI cmd f5/00:00:00:00:00:00(SECURITY FREEZE LOCK) filtered out
[ 5509.021166] ata4.00: ACPI cmd b1/c1:00:00:00:00:00(DEVICE CONFIGURATION OVERLAY) filtered out
[ 5509.022210] ata4.00: configured for UDMA/100
[ 5509.036899] ata2.00: ACPI cmd f5/00:00:00:00:00:00(SECURITY FREEZE LOCK) filtered out
[ 5509.036902] ata2.00: ACPI cmd b1/c1:00:00:00:00:00(DEVICE CONFIGURATION OVERLAY) filtered out
[ 5509.037705] sd 1:0:0:0: [sda] Starting disk
[ 5509.038834] ata2.00: ACPI cmd f5/00:00:00:00:00:00(SECURITY FREEZE LOCK) filtered out
[ 5509.038836] ata2.00: ACPI cmd b1/c1:00:00:00:00:00(DEVICE CONFIGURATION OVERLAY) filtered out
[ 5509.039601] ata2.00: configured for UDMA/133
[ 5509.051052] OOM killer enabled.
[ 5509.051054] Restarting tasks ... done.
[ 5509.055171] random: crng reseeded on system resumption
[ 5509.055290] PM: suspend exit
[ 5529.341986] e1000e 0000:00:1f.6 enp0s31f6: NIC Link is Up 100 Mbps Full Duplex, Flow Control: Rx/Tx
[ 8252.462745] e1000e 0000:00:1f.6 enp0s31f6: NIC Link is Down
[ 8273.205785] e1000e 0000:00:1f.6 enp0s31f6: NIC Link is Up 100 Mbps Full Duplex, Flow Control: Rx/Tx
[ 9081.831273] systemd[1]: systemd 256.7-1-arch running in system mode (+PAM +AUDIT -SELINUX -APPARMOR -IMA +SMACK +SECCOMP +GCRYPT +GNUTLS +OPENSSL +ACL +BLKID +CURL +ELFUTILS +FIDO2 +IDN2 -IDN +IPTC +KMOD +LIBCRYPTSETUP +LIBCRYPTSETUP_PLUGINS +LIBFDISK +PCRE2 +PWQUALITY +P11KIT +QRENCODE +TPM2 +BZIP2 +LZ4 +XZ +ZLIB +ZSTD +BPF_FRAMEWORK +XKBCOMMON +UTMP -SYSVINIT +LIBARCHIVE)
[ 9081.831776] systemd[1]: Detected architecture x86-64.
[ 9082.392531] systemd[1]: bpf-restrict-fs: LSM BPF program attached
[ 9082.425220] systemd-ssh-generator[336938]: Binding SSH to AF_UNIX socket /run/ssh-unix-local/socket.
[ 9082.425226] systemd-ssh-generator[336938]:  connect via 'ssh .host' locally
[ 9082.927908] systemd-ssh-generator[337030]: Binding SSH to AF_UNIX socket /run/ssh-unix-local/socket.
[ 9082.927914] systemd-ssh-generator[337030]:  connect via 'ssh .host' locally
[ 9794.541421] PM: suspend entry (deep)
[ 9794.545331] Filesystems sync: 0.003 seconds
[ 9794.997537] Freezing user space processes
[ 9794.998818] Freezing user space processes completed (elapsed 0.001 seconds)
[ 9794.998821] OOM killer disabled.
[ 9794.998821] Freezing remaining freezable tasks
[ 9794.999914] Freezing remaining freezable tasks completed (elapsed 0.001 seconds)
[ 9794.999951] printk: Suspending console(s) (use no_console_suspend to debug)
[ 9795.005091] e1000e: EEE TX LPI TIMER: 00000011
[ 9795.042118] sd 1:0:0:0: [sda] Synchronizing SCSI cache
[ 9795.043314] ata2.00: Entering standby power mode
[ 9795.663282] ACPI: PM: Preparing to enter system sleep state S3
[ 9795.666138] ACPI: PM: Saving platform NVS memory
[ 9795.667389] Disabling non-boot CPUs ...
[ 9795.670312] smpboot: CPU 1 is now offline
[ 9795.672958] smpboot: CPU 2 is now offline
[ 9795.675790] smpboot: CPU 3 is now offline
[ 9795.679776] smpboot: CPU 4 is now offline
[ 9795.682337] smpboot: CPU 5 is now offline
[ 9795.684789] smpboot: CPU 6 is now offline
[ 9795.687657] smpboot: CPU 7 is now offline
[ 9795.690131] ACPI: PM: Low-level resume complete
[ 9795.690189] ACPI: PM: Restoring platform NVS memory
[ 9795.691416] Enabling non-boot CPUs ...
[ 9795.691792] smpboot: Booting Node 0 Processor 1 APIC 0x2
[ 9795.692480] CPU1 is up
[ 9795.692725] smpboot: Booting Node 0 Processor 2 APIC 0x4
[ 9795.693398] CPU2 is up
[ 9795.693637] smpboot: Booting Node 0 Processor 3 APIC 0x6
[ 9795.694306] CPU3 is up
[ 9795.694576] smpboot: Booting Node 0 Processor 4 APIC 0x1
[ 9795.695316] CPU4 is up
[ 9795.695582] smpboot: Booting Node 0 Processor 5 APIC 0x3
[ 9795.696333] CPU5 is up
[ 9795.696600] smpboot: Booting Node 0 Processor 6 APIC 0x5
[ 9795.697288] CPU6 is up
[ 9795.697524] smpboot: Booting Node 0 Processor 7 APIC 0x7
[ 9795.698221] CPU7 is up
[ 9795.701506] ACPI: PM: Waking up from system sleep state S3
[ 9796.880091] nvme nvme0: 8/0/0 default/read/poll queues
[ 9797.171819] ata6: SATA link down (SStatus 4 SControl 300)
[ 9797.171872] ata2: SATA link up 6.0 Gbps (SStatus 133 SControl 300)
[ 9797.171877] ata2.00: Entering active power mode
[ 9797.171903] ata5: SATA link down (SStatus 4 SControl 300)
[ 9797.172009] ata4: SATA link up 1.5 Gbps (SStatus 113 SControl 300)
[ 9797.172042] ata3: SATA link down (SStatus 4 SControl 300)
[ 9797.177555] ata4.00: ACPI cmd f5/00:00:00:00:00:00(SECURITY FREEZE LOCK) filtered out
[ 9797.177558] ata4.00: ACPI cmd b1/c1:00:00:00:00:00(DEVICE CONFIGURATION OVERLAY) filtered out
[ 9797.182873] ata4.00: ACPI cmd f5/00:00:00:00:00:00(SECURITY FREEZE LOCK) filtered out
[ 9797.182875] ata4.00: ACPI cmd b1/c1:00:00:00:00:00(DEVICE CONFIGURATION OVERLAY) filtered out
[ 9797.183872] ata4.00: configured for UDMA/100
[ 9797.201795] ata2.00: ACPI cmd f5/00:00:00:00:00:00(SECURITY FREEZE LOCK) filtered out
[ 9797.201811] ata2.00: ACPI cmd b1/c1:00:00:00:00:00(DEVICE CONFIGURATION OVERLAY) filtered out
[ 9797.202722] sd 1:0:0:0: [sda] Starting disk
[ 9797.203785] ata2.00: ACPI cmd f5/00:00:00:00:00:00(SECURITY FREEZE LOCK) filtered out
[ 9797.203788] ata2.00: ACPI cmd b1/c1:00:00:00:00:00(DEVICE CONFIGURATION OVERLAY) filtered out
[ 9797.204514] ata2.00: configured for UDMA/133
[ 9797.224404] OOM killer enabled.
[ 9797.224408] Restarting tasks ... done.
[ 9797.228120] random: crng reseeded on system resumption
[ 9797.228205] PM: suspend exit
[ 9817.783612] e1000e 0000:00:1f.6 enp0s31f6: NIC Link is Up 100 Mbps Full Duplex, Flow Control: Rx/Tx
[ 9980.696808] perf: interrupt took too long (2544 > 2500), lowering kernel.perf_event_max_sample_rate to 78600
[16780.026833] NVRM: GPU at PCI:0000:01:00: GPU-263a54b4-74ef-44d9-5c6b-391ec0925079
[16780.026837] NVRM: GPU Board Serial Number: 0324415087668
[16780.026839] NVRM: Xid (PCI:0000:01:00): 69, pid='<unknown>', name=<unknown>, Illegal Class Error: channel 0x0000001a, Class 00000000, Offset 00001144, Data 00000000
[18164.937087] PM: suspend entry (deep)
[18164.940874] Filesystems sync: 0.003 seconds
[18165.435577] Freezing user space processes
[18165.437114] Freezing user space processes completed (elapsed 0.001 seconds)
[18165.437117] OOM killer disabled.
[18165.437118] Freezing remaining freezable tasks
[18165.438240] Freezing remaining freezable tasks completed (elapsed 0.001 seconds)
[18165.438277] printk: Suspending console(s) (use no_console_suspend to debug)
[18165.441408] e1000e: EEE TX LPI TIMER: 00000011
[18165.469253] sd 1:0:0:0: [sda] Synchronizing SCSI cache
[18165.469482] ata2.00: Entering standby power mode
[18166.092485] ACPI: PM: Preparing to enter system sleep state S3
[18166.094842] ACPI: PM: Saving platform NVS memory
[18166.095993] Disabling non-boot CPUs ...
[18166.097769] smpboot: CPU 1 is now offline
[18166.100563] smpboot: CPU 2 is now offline
[18166.102861] smpboot: CPU 3 is now offline
[18166.106357] smpboot: CPU 4 is now offline
[18166.108627] smpboot: CPU 5 is now offline
[18166.111173] smpboot: CPU 6 is now offline
[18166.113462] smpboot: CPU 7 is now offline
[18166.115797] ACPI: PM: Low-level resume complete
[18166.115856] ACPI: PM: Restoring platform NVS memory
[18166.117080] Enabling non-boot CPUs ...
[18166.117291] smpboot: Booting Node 0 Processor 1 APIC 0x2
[18166.117989] CPU1 is up
[18166.118231] smpboot: Booting Node 0 Processor 2 APIC 0x4
[18166.118939] CPU2 is up
[18166.119162] smpboot: Booting Node 0 Processor 3 APIC 0x6
[18166.119835] CPU3 is up
[18166.120087] smpboot: Booting Node 0 Processor 4 APIC 0x1
[18166.120868] CPU4 is up
[18166.121145] smpboot: Booting Node 0 Processor 5 APIC 0x3
[18166.121860] CPU5 is up
[18166.122134] smpboot: Booting Node 0 Processor 6 APIC 0x5
[18166.122837] CPU6 is up
[18166.123103] smpboot: Booting Node 0 Processor 7 APIC 0x7
[18166.123808] CPU7 is up
[18166.127101] ACPI: PM: Waking up from system sleep state S3
[18167.311464] nvme nvme0: 8/0/0 default/read/poll queues
[18167.595225] ata5: SATA link down (SStatus 4 SControl 300)
[18167.595521] ata6: SATA link down (SStatus 4 SControl 300)
[18167.595562] ata4: SATA link up 1.5 Gbps (SStatus 113 SControl 300)
[18167.595598] ata2: SATA link up 6.0 Gbps (SStatus 133 SControl 300)
[18167.595604] ata2.00: Entering active power mode
[18167.595662] ata3: SATA link down (SStatus 4 SControl 300)
[18167.598690] ata4.00: ACPI cmd f5/00:00:00:00:00:00(SECURITY FREEZE LOCK) filtered out
[18167.598693] ata4.00: ACPI cmd b1/c1:00:00:00:00:00(DEVICE CONFIGURATION OVERLAY) filtered out
[18167.604169] ata4.00: ACPI cmd f5/00:00:00:00:00:00(SECURITY FREEZE LOCK) filtered out
[18167.604171] ata4.00: ACPI cmd b1/c1:00:00:00:00:00(DEVICE CONFIGURATION OVERLAY) filtered out
[18167.605166] ata4.00: configured for UDMA/100
[18167.619040] ata2.00: ACPI cmd f5/00:00:00:00:00:00(SECURITY FREEZE LOCK) filtered out
[18167.619043] ata2.00: ACPI cmd b1/c1:00:00:00:00:00(DEVICE CONFIGURATION OVERLAY) filtered out
[18167.619876] sd 1:0:0:0: [sda] Starting disk
[18167.620955] ata2.00: ACPI cmd f5/00:00:00:00:00:00(SECURITY FREEZE LOCK) filtered out
[18167.620958] ata2.00: ACPI cmd b1/c1:00:00:00:00:00(DEVICE CONFIGURATION OVERLAY) filtered out
[18167.621691] ata2.00: configured for UDMA/133
[18167.642345] OOM killer enabled.
[18167.642346] Restarting tasks ... done.
[18167.645098] random: crng reseeded on system resumption
[18167.645160] PM: suspend exit
[18185.249234] e1000e 0000:00:1f.6 enp0s31f6: NIC Link is Up 100 Mbps Full Duplex, Flow Control: Rx/Tx
